M6811 Disassembler V1.0
Copyright(c)1996 by Donald Whisnant

Initializing...
Reading Control File...
        Load Address: 0x4000
        16 Entry Points: 
                0x7C0B
                0x7C12
                0x7C1C
                0x7C22
                0x7C35
                0x7C6B
                0x7C7C
                0x7C83
                0x7C9C
                0x7CA0
                0x7CAA
                0x7CAE
                0x7CBE
                0x7CC2
                0x7CCC
                0x7CDD
        Source File: AV94BNBH.BIN
        Destination File: AV94BNBH.DIS
        21 Labels Defined:
                0xFFD6=SCIVEC:
                0xFFD8=SPIVEC:
                0xFFDA=PAIEVE:
                0xFFDC=PAOVEC:
                0xFFDE=TOVFVE:
                0xFFE0=TI4O5V:
                0xFFE2=TO4VEC:
                0xFFE4=TO3VEC:
                0xFFE6=TO2VEC:
                0xFFE8=TO1VEC:
                0xFFEA=TI3VEC:
                0xFFEC=TI2VEC:
                0xFFEE=TI1VEC:
                0xFFF0=RTIVEC:
                0xFFF2=IRQVEC:
                0xFFF4=XIRQVE:
                0xFFF6=SWIVEC:
                0xFFF8=ILOPVE:
                0xFFFA=COPVEC:
                0xFFFC=CMONVE:
                0xFFFE=RSTVEC:
Writing program counter addresses to disassembly file.
Reading Opcodes File...308 opcodes read.
Reading Source File...File Size: 0xC000
Compiling Indirect Branch Table as specified in Control File...
   [0xFFD6] -> 0xF494 = SCIRTN
   [0xFFD8] -> 0xF8EE = SPIRTN
   [0xFFDA] -> 0xF8E4 = PAIERT
   [0xFFE0] -> 0x7922 = TI4O5R
   [0xFFE2] -> 0x7986 = TO4RTN
   [0xFFE4] -> 0x79EA = TO3RTN
   [0xFFE6] -> 0xF8D9 = TO2RTN
   [0xFFE8] -> 0xCC8A = TO1RTN
   [0xFFF2] -> 0x7597 = IRQRTN
   [0xFFF4] -> 0xF8B3 = XIRQRT
   [0xFFF6] -> 0xF8AE = SWIRTN
   [0xFFF8] -> 0xF8C4 = ILOPRT
   [0xFFFA] -> 0xF8C9 = COPRTN
   [0xFFFC] -> 0xF8CE = CMONRT
   [0xFFFE] -> 0xF8D3 = RESET

Pass 1 - Finding Code, Data, and Labels...
LC3BA  LCD23  LC3CE  LC4B3  LAE65  LEEAA  LF26C  LD425  L7C31  
L7C34  LC6D1  L0002  L7C4A  LE860  LE893  LC6F6  LC71D  L7C59  
LD2D7  LD399  L7C7B  LC506  LC923  LCC1E  L7C8C  L7C8F  LCCC9  
LCE3D  LA386  LD414  LD1D9  L7CBA  L7CBD  LCA43  LCACF  LD9BB  
LDA49  L02BE  L7CD9  L0004  L7CDC  L7CE6  L7CE9  LF4A4  LF4CB  
LF5B5  L3024  L3025  L7972  L0046  L7954  L0273  L025D  L7942  
L7945  L0825  L7962  L79D6  L79B8  L79A6  L79A9  L0827  L79C6  
L301A  L3023  L0000  L0044  L7A05  LF705  L3022  L3FC8  L0226  
LCC9C  L0062  LCCC8  LCCBD  LCCC5  L759E  LF8BB  LF8B1  LF8C7  
LF8D6  LF8D1  L7200  LEF12  LEEFC  L0055  L0130  LCD2C  L0118  
LCD41  L012E  L007F  LCD78  LC3F1  L0316  LC454  LC4C4  L001B  
LC4D1  L400F  LAE6F  LAF16  L082D  L0192  L082F  L009F  L00A1  
LEEFB  L0082  LF273  L1806  
     *** Warning:  Branch Ref: 0x1806 is outside of Loaded Source File.
L0F00  LE444  LE46C  LE45C  L0080  L00D3  LD491  LD8FE  LD444  
LD478  LC32A  LEC80  LECCD  LEAEE  LEB2F  LEB70  LE7EF  LE82B  
LEA28  LE8C6  LE8C7  LE8C8  LE8FC  LE50E  LE542  LC78A  LC7E0  
LC805  L006F  L0016  L7C63  L0017  L7C6A  L003B  LE892  LE88E  
L0165  LE882  LE88F  LE8C5  LE8C1  L0166  LE8B5  LE8C2  L0043  
LC706  L004E  LC717  LC71A  L00AE  LC72A  LC732  LC734  L00AF  
LF0D3  L672E  L0083  LC74B  L672D  LC754  L00A3  L5D28  LC75F  
L5D29  LC767  L5D2A  LC770  LC787  LD2E1  LD398  LD3A2  LD3C6  
L0088  LC51D  L009C  LC530  L0087  LC529  LC543  LC53C  L0096  
LC54A  LC55D  L0183  L0085  LC55A  LC569  L0182  LC575  L0122  
L0089  LC595  LC58E  L00D1  LC5A3  LC5B1  LC5E2  LE434  L0092  
LC5D5  LC5C4  LC5D2  L0050  LC93B  LC93E  LCC89  L022C  L0019  
LCC72  L0006  L45AC  LCC86  L01E3  L45AD  L01E5  LCC44  L45AE  
L022F  L45B0  LCC66  L45AF  L0052  LCC5D  LCC78  LF279  L9F7C  
LC879  LAD62  LCCE9  LF15E  LCCE0  LCCE6  L5B03  L4E6B  LCD0B  
L4E6C  LCD1D  L022A  L4E6A  LCD18  L400B  LCE55  L0253  L006E  
LCE52  LCEB0  L02A5  LCE64  LCE6A  L004F  LA38D  LA4DC  L0812  
L02A7  LD1E0  LD2D6  LCA56  L48B4  L01F3  L01F8  LCA59  L4E7F  
LF0F6  LCAE8  LCB3A  L00F8  L4E3B  LDA32  LD9FE  L4E37  L0240  
L4E38  LDA03  L4E3D  LDA06  LDA53  LDA60  L0071  LDAB5  LC30B  
LE3ED  LE4B9  LE046  LF4B1  LF4CC  L302E  L302F  L0364  L0369  
LF5E3  L0363  L0362  LF5FF  LF5DB  LF5E5  LF660  L0821  L7983  
L795D  L0823  L79E7  L79C1  L003A  L7A17  L7A14  L0003  L7A20  
L7A3B  L0391  L0072  L0392  L9286  LF08B  L082E  L7A73  L7A70  
L4E5F  L01FC  LF137  L4E5E  L4139  L0047  L7A7D  L4138  L01E6  
L01E9  L3030  L7A95  L3031  L3032  L3033  L3034  L0148  LEEE2  
L7CF6  L3FFA  L0073  L7AD4  L3FC4  L080D  L080C  L0146  L3068  
L7E04  L7B00  L7AFF  L7AF7  L4953  L0051  L7B0F  L7B11  L001A  
L7B2D  L7B7C  LAD0C  L303A  LF72C  LF72D  L0366  LF749  LF081  
LF753  L0001  L0390  LF771  L0230  L300E  L3016  L75C3  L306F  
L75DB  L75E2  L76FD  LCA8A  L306E  L723A  L3FFC  LF08A  L725B  
LEF9A  L7282  L72C3  L00A0  L7548  LEF11  LEF04  L0093  LCD4A  
LCE3C  LC44A  L0317  LC464  LC40D  L0061  L4153  LC45F  L4154  
L4158  L4155  L0201  LC42E  L4156  LC440  LF17B  LC451  L4157  
LC46B  LC4D5  L0018  LC503  LAE8B  L5151  LAE99  L5155  L0853  
LAF0D  L001D  LE458  LE454  LE47C  LE478  LE468  LD4D9  LD4A4  
LD4CF  LD90A  LD906  LD908  LD8DC  LD451  LD48C  L019D  LD4DA  
L004C  LC348  LC35C  LC361  LECCC  LECC8  L0169  L0084  LECAF  
L0090  L001C  L0026  LED09  LED05  L016A  LECF9  L008F  L0027  
LEB2E  LEB2A  L0175  L0098  LEB04  LEB1E  L002B  LEB6F  LEB6B  
L0176  LEB45  LEB5F  L002C  LEBB0  LEBAC  L0177  LEB86  LEBA0  
L002D  LE82A  LE822  L0162  LE814  L0091  LE85F  LE85B  L0164  
LE84F  LEA7A  LEA76  L5B95  LEA4B  LEA54  LE8FB  LE8F7  L0167  
LE8EB  LE8F8  LE92F  LE92B  L0168  LE91F  LE92C  LE541  LE53D  
L0159  LE531  LE53E  LE575  LE571  L015A  LE565  LE572  LC79B  
L00A2  LC7AE  LC7B1  LC7ED  LC7F5  LC7F7  L02A6  L0208  L0266  
LC829  L003F  LC83E  L48D9  L48DE  L0295  L01EE  L01DE  LC862  
LC868  LF136  L0842  LC922  LF0E0  LF0E4  L5D2B  L00A5  LD2EB  
LD2EE  LD3B0  LD3C9  L00DC  LC5EC  L0127  L010A  LC622  LC606  
L0086  LC603  LC6CA  LE440  LC949  LCA42  L45B2  L45B3  L022D  
L45B1  L1800  LF284  L180C  
     *** Warning:  Branch Ref: 0x180C is outside of Loaded Source File.
L9F83  LA370  LC8BF  L0252  LC88C  LC893  LAD6C  LAE64  LF172  
LF178  LCF37  LCE70  L9DE0  L087B  LA3B0  L087C  LA39F  L4F27  
LA3A5  LA3AD  L4F26  L086B  LA3D0  LA3BC  LA3CD  L400C  LD21A  
L402C  LD1FE  L402D  L01F9  LD2CB  L03B2  LCA61  LCA7C  LCA80  
LF100  LF103  LCAFE  LCB2F  LCB34  LCB3C  L0855  LDA45  L4E3E  
LDA2A  L4E3F  L0241  L4E40  LDA2F  L024E  LDA70  LDAC6  L003C  
L0239  LDAC2  LDFA8  LE6B4  LE74D  LEC7F  LED0A  LED63  LE9DC  
LEAAE  LEDD5  LEDD6  LEE44  LE410  LE3F3  LE088  LE085  L4E7E  
LE06C  L4E7D  LF4FC  L0042  LF4F4  LF4E9  L039B  L0367  LF590  
LF60F  LF65A  LF5EE  LF5F5  LF6F7  L000A  L9292  L929B  LF09A  
L3060  L004B  L3062  L3064  L004D  L3067  LF13D  LF15A  LEEF6  
L7D08  L014A  L0149  L7D8B  L7E0E  L7E17  L7E12  L7B51  L924A  
LA53C  LD075  LD11D  LF285  L7B49  LB773  L7BA9  L7BB7  L7BE6  
L7BAC  LAD59  L3FC0  L005F  L020B  L4142  LAD2C  LF1ED  LAD44  
LAD4B  L3066  LF774  LF763  LF87E  L0068  L006A  L75F5  L02F0  
L75FF  L02EC  L7743  L028B  L770B  L02F1  L7720  L081E  L495A  
L028A  L7740  L7786  L7767  L0053  L77C9  L0277  L7762  L77AF  
L3061  L3063  L3065  LEFA8  LEFC2  L0005  L303F  L72D2  L72EC  
LCD58  LCD60  L5E8E  LCD7B  L5E8B  LCD75  L5E8A  LC47A  L01EF  
L0207  L0206  L01F0  L01F1  LC46E  LF184  LF189  LF1B4  LF1BA  
LC4DF  LC4EC  L00A6  LAEA2  LAF02  L0854  LE49F  LE486  LD4E3  
L0180  LD4EB  LD4F1  LD4F7  LD50F  LD505  LD50D  LD4B1  LD91B  
LD92C  L0099  LD927  LD932  LD8FA  LD8FC  LD46C  LD854  LD8B7  
LD47B  L008A  LC364  LC37B  LC383  LECC9  LED06  LEB2B  LEB6C  
LEBAD  LE826  LE85C  L0171  LEA6A  LEA77  LC7C6  L5B1A  L5B18  
LC7C2  L5B1B  LC7CA  L4074  LD2FB  L007E  LD313  LC62E  L0124  
LC6BD  LC614  LC611  LC6C2  L4022  LC955  LC963  L4012  L0830  
L4013  L0831  LC994  L997F  L0009  L9FAD  L4EB6  L4EB7  L02C6  
L02D0  L0887  L9FCD  L0888  L50B5  L50B4  L9FCA  L0038  L4E85  
L9FD6  LA01C  L0036  LA37A  LA382  L086A  L021D  L45D0  LC8E0  
L003D  L029B  L021F  L0841  L0843  LC90B  LC91F  LC8A4  LC8AD  
LAD76  LAD8B  L46FF  LCF3E  LCF48  LCE78  LCE82  L9DE9  L9DEB  
L0882  L9E16  L5064  L9E0F  L9E01  L0884  L5065  L9E13  L9E51  
L085C  LA400  LA3DC  LA3FD  L086C  LA3C6  L4EAF  L01FB  L402F  
LD22B  L01FA  L402B  L0041  LD213  LD22E  LF10D  L4E82  LCB18  
L029C  L4E83  LCB37  LCB4B  LCB66  LCB4E  L003E  LDA82  LDAAA  
LDA9E  L024B  L023C  L023D  LDEDA  LDAD4  LE6E5  LE6DF  LE6E8  
L008E  L015F  LE6E2  L0023  LE748  LE781  LE77B  LE784  L0160  
LE77E  L0024  LE7EA  LED62  LED5E  L016B  LED32  L0028  LEDD3  
LEDCF  L016C  LED81  LEA27  LEA23  L016F  LEA12  LE9F4  L002A  
LEAED  LEAE5  L0173  LEAD3  LEAE9  LEDFE  LEDFC  L0179  LEE00  
L001E  LEE3F  L002F  LEE6C  LEE6A  L017A  LEE6E  L0030  LEEA5  
LE0AD  L0255  LE0A2  LE0AB  L0259  L0279  LE0CB  L024D  L4E7B  
LE082  L4E7C  LF513  LF510  LF5B4  LF663  LF62E  LF655  LF704  
L302D  L92A0  L4EAC  L92E3  L014E  L7D17  L0147  L7D22  L7D2D  
L7D35  L7D36  L014D  L7D45  L7D51  L7D6B  L7D79  L7DC6  L00F6  
L6925  L7DC4  L6927  L6926  L7DBF  L00F5  L7E2D  L5D04  L7E23  
L7E2E  LCC05  L7B6A  L0393  L7B6D  L9268  L9262  LA548  LA552  
L01EC  LA562  LA56C  L400D  LD083  L01DC  LD11C  L0070  LD15A  
LD12E  L01D1  LD1D5  LF2EA  LF2E7  LF2CF  LF2BF  LCF65  LAF40  
LB77C  LB78B  LAD5B  LF7E3  L3FCC  LF880  L3FEA  L3FCE  L3FDC  
L3FF6  LF7B7  LF7CE  LF7D0  L7873  L7626  L02F2  L78D4  L026F  
L7629  L76D7  L7812  L0829  L7789  L4920  L77BF  L77D5  L77F9  
L084E  L7801  L78A4  L081F  L77BC  L082A  LEFB2  LEF47  L4008  
L4006  L72E5  L730C  L000F  LEFC3  L0015  L7308  L733C  L5B24  
L0319  LEF1D  L7346  L735A  L7351  L4133  L0219  L001F  L736D  
L5B1E  L0020  L7379  L5B21  L0021  L7385  L5B42  L0022  L7391  
L5B52  L739D  L5B58  L73A9  L5B5E  L0025  L73B5  L5B78  L73C1  
L5B72  L73CD  L5B74  L73D9  L5B79  L0029  L73E5  L5B8B  L73F1  
L5B8F  L73FD  L5B9D  L7409  L5B9F  L7415  L5BA1  L002E  L7421  
L5BA2  L742D  L5BA8  L7439  L5BAE  L0031  L7445  L5BB8  L7457  
L7467  L0032  L7472  L0033  L747A  L0034  L7482  L7499  L01EA  
L4950  L74CA  L4951  L9341  L01F5  LB24D  LB185  L01FF  L01FD  
L01FE  L489B  L01D8  L0193  L755E  L4071  L750C  L4072  L0078  
L3FCA  L0228  L3012  L0851  L48DD  L026D  L026B  L0049  LEF2B  
L4D8C  LCD81  LCD98  LF1CA  LF1D0  LC4F0  L5150  LAF07  LAEB7  
L5152  LAEBA  LAF10  LD517  LD519  LD549  LD527  LD547  LD4C3  
LD7FB  LD869  LD879  LD886  LD895  LD8B5  LD8C3  LD8CE  LD984  
LD934  LC3A5  L691B  LC39F  L306A  LC3B9  L012F  L306C  LC7D6  
LC7DC  L4075  LD309  L4076  L007C  L007B  LD333  LD338  L007D  
LD34D  LD352  LC635  LC64A  LC6D0  LC96D  LC9C0  L4019  LC9AD  
L0833  L9986  L9AA7  L0037  L9FDD  LA05F  LA0B4  LC916  L0844  
L4140  LC8BB  LAD8E  LAE03  LAE08  LCF49  LCF53  L1815  
     *** Warning:  Branch Ref: 0x1815 is outside of Loaded Source File.
LCF64  L0395  L0396  LCEA0  LCE93  LCE9D  L9E20  L9E70  L5090  
L9E6D  L5091  L5092  LA432  LA421  L02CC  L4FBD  L02CA  L085E  
LA3EC  L027A  L026A  LD28D  L4024  LD288  L4025  LD266  LD2A8  
L4E80  L4E81  LCB75  LCB7F  L3FDA  LCB92  LCB95  LDA93  LDA74  
LDAA2  LDAA7  LDEE1  LDFAB  LDB00  L00F9  L0014  L5B12  LDAF2  
LDB72  LDB18  L4E28  L0158  LDB29  L4E29  LE74C  LE6FE  L017B  
LE749  LE7EE  LE7AC  LE796  L017E  LE7A7  L017D  LE7EB  L00E5  
LED5F  L00AC  LEDAA  LEA24  LEE43  L0190  LEE40  LEEA9  LEEA6  
LF153  L0265  LE0EE  L025F  L0260  LE14F  LE136  L02EB  L02EE  
L02EF  L491F  L02ED  L0222  LE237  LF58A  LF57E  LF52B  LF536  
LF6BA  LF680  L036E  LF69B  LF695  LF6CB  LF646  L0007  L0008  
L92AF  L7D76  L7D88  L7DDA  L7E03  L6929  L6928  L7E01  L02A1  
L7E73  L7E90  L4009  L3039  L7E71  LCC18  LCC15  L7B79  L94B3  
LC307  L927C  L9285  L9282  LA581  LA586  L01F2  LA5B7  L4E5A  
L024C  L4E5C  LA5BC  L4E5B  LA5B2  L4E5D  LA5C2  LD0AA  LD09D  
L01D7  LD0CA  L489D  L489C  LD0C7  LD0D5  L489A  LD0E2  L01DA  
LD100  L01DD  LD1CE  LD139  LD141  L006D  LD150  LD160  LD1CD  
L01D2  LCF70  LCFAF  LCF80  LCF86  LCF83  LCFAB  LAF5C  LAF62  
LB106  LB12A  LB291  LB2DD  LB375  LF42B  LF2EB  LB78C  LBCED  
LBDF3  LBD4D  LBE8F  LF842  L3FD4  L3FD6  L3FD8  LF7F4  L76DD  
L78E4  L78F8  L7634  L862B  L76E5  L4D8E  L76FA  L4D8D  L0067  
L450C  L783B  L48D0  LF116  L783D  L77A5  L7907  L77E8  L7874  
L78B3  L78CB  L78D3  LEF5F  LEF56  LEF62  LEFC9  LEF22  L4EE8  
L0885  L9355  L4EA6  L9387  L935E  L93D4  L9361  LB26F  LB1B5  
LB199  L015B  LB1A6  LB1B7  L015C  LB1B2  L019B  LB219  L756A  
L756C  L48F3  L48F4  LEF3A  LEF40  LEF34  LCD8C  LCD95  LCDA5  
L5E8C  LCE29  LF1DF  LF1E6  L5D05  L5D06  L5154  L5153  LAEC7  
LAECC  LAEE3  L0063  LAF0A  LD556  L5B2C  LD567  LD564  L5D2D  
LD81B  LD82A  LD852  LD98D  LD99F  LD9AF  LD9B8  LD94C  LD94F  
LD94A  L007A  LD380  L406D  LD37B  L084C  LD371  L4073  LD395  
LD386  L0184  LC65E  LC66D  L6753  LC668  L6754  LC677  LC68F  
L0126  LC6A1  L4011  LC977  L4010  LC988  L0834  LC9C8  LC9C3  
L4016  LC9BA  L9992  L99A2  L99AC  L9FE3  L9FEC  L088D  LA07D  
LA06C  LA075  L02C8  L02D2  LA0BF  LA1AE  L3FE0  L0847  L0849  
LADF3  L0845  LADB2  L084B  LAE0D  LADE4  L5119  LAE00  L511A  
L0846  LCEAA  LCEB4  L9E2A  L5066  L9E3A  L0039  L9EB2  L9E8D  
L9ECF  LA46E  L5B02  LA44A  L02CF  L4FBE  L02CD  L085D  LA3F6  
L4EB1  L4028  LD2A3  L0232  L4026  LD27E  L4027  L402A  LD285  
LCBB2  LCBD9  LDA8D  LDEEB  LDFAC  LDF9F  L023F  LDB7A  LDB2D  
L4E2A  L4E2C  L4E2B  L4E2E  LDB77  L4E2F  L4E2D  LDB6D  LE71A  
LE72E  LE715  L017C  LE7C3  LEDD0  LF162  L0066  LE15D  L494A  
LE164  L0858  L4FB4  LE172  LE178  LE1F4  LE188  LE1FC  LE250  
LE241  LE24D  LF59E  L0368  LF530  LF562  LF54C  LF55E  LF559  
LF6C0  LF6B0  LF6AB  L92B7  L92C2  L92C9  L7E8A  L0246  L02A0  
L7EA7  L7ECA  L0065  L7EB5  L413B  L01E8  L7ED2  L7ECD  LB3B5  
L94BA  L1803  
     *** Warning:  Branch Ref: 0x1803 is outside of Loaded Source File.
L94C4  LA4DD  L94DC  L94D3  L997E  LA613  L0283  L020D  LA5E0  
L0225  LA616  LA5F1  LA657  LA655  L414D  L0215  LA60E  LD119  
L01DF  L01E1  LD172  L084F  LD193  LD191  LD19A  LD02A  LCFF3  
LCFDE  LCFCD  L4850  L4851  LCFE6  LCF94  LCF9F  LD048  LB35E  
L00F3  L0076  L3000  LAF6F  L3002  LAF9B  LAF96  LAFB5  L009A  
LB121  LB124  LE677  LEA7B  LE4BA  LB13B  LB14E  LB15D  L00B1  
L00B7  L00BC  L00BE  L00C0  LB2C9  LF0BD  LB2DA  L00E7  LB2FF  
LB318  L5D16  LF23F  LB2FA  LB384  L014C  LB38C  LB38F  LF464  
LF43D  L0045  LF47D  L036A  L51B1  LF493  L036C  L012C  L00F7  
L008B  L008C  L012D  LF36A  LF39F  LF35E  LF339  LF343  LF35A  
L0103  LF36C  L03A1  LF376  L0111  LB794  LBACB  LBCF5  LBD44  
L0119  LBDFC  L011B  LBE03  L674C  LBE1D  L011F  L6750  LBE1A  
L6748  LBE2C  LBE46  L0121  L6752  LBE43  LBE49  LBD59  L00AD  
LBD68  LBD71  LBD77  LBE9E  LBEA4  LBEA1  LC065  LF6D2  L4D8F  
L7906  L763E  L76A4  L7654  L7678  L864F  L4967  L3FF2  L7851  
L7865  L7870  LF121  LF125  L7921  L7919  L4E65  L7883  L789B  
L78A3  L4EAB  L4EA8  L93A0  L4EA9  L93A5  L93A7  L94A8  L937F  
L50C4  L9377  L50BD  L937C  L93F2  L508E  L93E4  L50B9  L93EF  
L9410  L508F  L9402  L50BA  L940D  L4E86  L9423  L02C2  L02C0  
L9494  L943D  L9442  L9447  LB213  LB1CD  L00F1  LB1D8  L0094  
LB201  LB223  L00AA  L5B28  L0101  LB230  L5D1C  LB23E  L5D1B  
LB24C  L7583  LCDB2  L5E8D  LCE39  LD57D  LD589  LD959  LD967  
LD390  L406E  L406F  L4070  LC6AB  LC6B7  L4020  LC982  L401B  
LC9D2  L401A  LC95B  L401C  LC9E0  L401D  LCA0A  L401E  LC9F9  
L401F  L4014  L0836  L4F7A  L99C6  L4F7B  L4F7C  L99C3  L0859  
L4F73  L4F79  L99D5  L99ED  L4F7D  L4F7F  L99F2  L085B  L9A20  
L02D4  LA031  LA000  L50C2  LA0B1  LA09C  L02D5  L50CD  LA089  
L0875  LA0C7  LA13F  LA1B4  LA203  LAE21  LAE23  LAE31  LAE38  
LAE42  LAE58  LCEC3  L46F4  LCECB  LCED5  L9E33  L507E  L9E46  
L507F  L9E4A  L9ECC  L9EA8  L5096  L9EA5  L9EBE  L9EDB  L0883  
L9EE9  L9F78  LA4BC  LA4B6  L50B6  L088E  L50B7  LA4B1  LA457  
L50CC  LA465  LA460  LA46B  L4029  LCBC7  L50D2  LCBD6  LCBF0  
LCBED  LCC04  LCC01  LDEF2  LE018  L023B  LDFCF  LE033  LDFC3  
LDFD1  LE039  LDBAE  L4E30  L0817  L4E35  LDBC4  L4E33  L4E34  
L4E31  L4E32  LDBB3  LDBC7  LE727  LE733  LE7D1  LE7D9  LE1A6  
L494F  LE19D  L494D  L0293  LE1F9  LE1C2  LE1CF  L491E  LE1EF  
L494E  LE20C  LE2D6  LE253  L0264  LF586  LF573  L92D9  L92DD  
L92E1  L413A  LB270  L7EE6  L7EEC  LB3BE  LB3C7  LA53B  LA4F0  
LA4D0  L94ED  L94EA  L997C  LA671  LA620  L4136  LA66C  L0234  
L4144  LA66D  LA6BB  LD1B0  LD1C4  LD1C2  L01D4  L47DA  LD038  
LD047  LD059  LD063  L01D5  LD00E  L01D3  LD020  LD02B  L4853  
LCFF6  LCFA7  L5B43  LB374  LB370  LAFAB  LAFA6  LAFC5  LAFCE  
LAFD1  LE6B3  LE6AF  L015E  LE6A3  LEAAD  LEAA9  L0172  LEA9D  
L5B35  LE4CB  LB15F  LB15B  L5D0D  LE576  LE5B7  LE38F  LE96F  
LB175  LE5F6  LEDD4  LE930  LE3CB  LE4A4  LE3B1  LF0CA  L015D  
L016E  LB316  L00C6  L00CD  LB312  L00CF  L00CB  L5D18  L0102  
LB33A  LB344  L0814  L51B3  LF3BF  LF3AC  LF3E3  LF3E0  LF399  
L031B  L031D  L031F  L0321  L0323  L0325  L03A3  LB7A2  LB7A8  
LB7B9  LB7E8  LB7E0  LB7D0  LBACE  LB7F4  LB802  LB882  LBCFE  
LBD00  L0143  LBD11  LBD29  LBD1B  LBD21  L0129  LBE52  L012A  
LBE5B  LBE6C  L0123  LBE74  LBE7A  LBD7A  LBD86  LBD8D  LC0B7  
LBEC9  L011D  LBEC6  LBEC0  LC06A  LBF79  LC083  L6921  L012B  
LC08E  LC0A8  L76BD  L76D3  L4956  L7669  L7675  L768A  L76A0  
L4EAA  L4EA7  L93C0  L93C5  L93C7  L94B2  L9323  L92F1  L94A7  
L02C5  L02C3  L02C4  L9457  L945C  L945E  L5B22  LB221  L5B2A  
LB205  L5B29  LB1FB  L0199  L019A  L0197  L0198  LCDBC  LCDC5  
LCDD1  LCDD6  LCE07  LCDFE  LCE04  L0131  LD5C2  LD59A  LD5B8  
L5D26  L5D27  L5D25  LD5C0  L5D24  L0081  LD5D6  L018D  LE322  
LD5F4  LD5EC  LD602  L4017  LCA14  L4018  LCA1D  L0832  LCA2B  
L4F7E  L9A05  L9A00  L9A31  L4EB2  L085F  L9A3C  L9A8B  L4F84  
L9A50  L4F85  L9A56  L9A7F  LA03A  LA053  L50C1  L50C0  L50C3  
L50C5  LA01F  L9309  LA0A1  L50C6  L4EB3  LA0D5  LA0EC  L4EB4  
LA0FD  LA114  L4EB5  LA135  LA176  LA1AC  L4EE6  LA15B  LA170  
L4EE7  LA1A9  L0899  LA1A4  L4FB5  L4FB6  LA1EB  LA1E3  L0876  
LA22A  L0877  LA226  L0878  LA21B  L4F18  L4F17  LA227  LA238  
LA23B  LA35E  LCEF5  LCF0B  LCF15  LCF22  L0886  L508D  L9ECB  
L9EFE  L5094  L9EFA  L5095  L9F13  L9F18  L9F31  L0880  L4EAD  
LDEFA  LDF20  LDF05  LDF1B  LDF87  L0237  LE042  LE045  LDFDC  
LDBFA  L5B01  LDBE2  L081C  L4E36  L0223  LE21B  LE321  LE264  
LE2BC  LB27D  L5B26  LB28A  LB28D  L5B23  L48B3  L7EFD  L029E  
L48B1  L7F10  L48B2  L7F23  L91B6  L7F89  LAF17  L8695  L7F52  
L7F7D  L7F80  L860F  LB3C8  LB3FB  LB486  L0397  LA521  LA516  
L0398  L94F4  L961A  L4958  LA67F  LA683  LA627  L4134  LA636  
L0233  LA6D4  L083D  LA6ED  LA6F4  LAFB2  L0097  LAFDF  LAFED  
L0095  LB001  LB00B  LB01C  L5D23  L019C  LB026  LB02E  LB037  
LB054  L009B  LB048  L009D  L0077  LB064  LB06E  LB07D  LB096  
LB099  LE6B0  LEAAA  LE5B6  LE5B2  LE5A5  LE5F5  LE5F1  LE5E5  
L5B34  L5B2B  LE3A9  LE3AD  LE9DB  LE9D7  LE984  LE98E  L5B87  
LE992  LE676  LE672  LE61E  LE96E  LE96A  L016D  LE954  LE96B  
LE3E5  L5B3A  L5B31  LE3E9  LE4B5  L5B2F  LE3C3  LE3C7  L0100  
LF3F2  LF3FE  LF401  LEFD0  LBADB  LBAE7  L6001  LB870  L6004  
LB82B  LB822  LBC0C  LB88E  LBCEC  LBB86  LB8BE  LB8A6  LF141  
LB8D5  LB8D9  LB8E8  LB8E9  LBD3C  LBD3E  LBD2F  LBE7D  LBE85  
LBE8B  LBD99  LBDA1  LBDB7  LBDB4  LBDF2  LBDCC  LBEE5  LBEFF  
L691F  LBEF6  LBF0B  LBF84  LBF95  L691D  LC0A3  L691E  LC0AB  
LC0B4  L50CA  L92FE  L9305  L946E  L9473  L9478  L5E8F  LCE20  
LCE26  LE32A  LE33B  LD604  LD5FF  L4015  LCA2F  LCA32  L9A15  
L4F80  L9A1F  L4F81  L0857  L9AA1  L9AA4  L9333  L9A6B  L0860  
L9A66  L0861  L9A7B  L4F87  L9A82  L4F86  L50C7  LA029  L50C8  
L931F  L50CB  L50C9  L4EE4  LA18B  LA1A0  L4EE5  L0893  LA1FA  
LA249  LA250  L0866  LA367  L0867  L9F2E  L9F48  L5097  L9F45  
L9F60  L9F58  L507D  L9F7B  LDF24  LDF40  LDF44  L4E26  LDF5B  
LDF84  LDF76  LDF98  LDF9B  LDFE8  LE01B  LDC16  LDC10  L02AB  
L4E41  LDC24  LDC27  LDD14  L4E39  LDBEF  LE224  L48C8  LE272  
LE275  LE2DE  L02BC  L91BF  L02BD  L91D5  L91D8  L02B8  L02BA  
L920E  L91FD  L920A  L9221  L7F95  L85D8  LAF3C  LAF3F  L5181  
L5183  L4D8B  L86C4  L866E  L86BA  L86DA  L86F5  L86F2  L861B  
L8720  LD3CA  L862A  L5D1D  LB3F4  L5D1F  L5D21  LB3FA  L00FA  
L5D0C  L01C9  L01CA  L01CD  L01CB  L01CE  L5D0E  LB426  LB424  
LB40D  L00D5  LB48D  LB4DD  LB4E8  LB4A5  LB4AC  LB4B6  L0181  
L00D4  L00D9  L00DA  LB4D3  L018B  LB552  L00D6  LB504  LB549  
LA532  L4EAE  L9524  L9532  L9551  L4EB0  L086D  L0879  L087A  
L0864  L086E  L95DA  L95D5  L95EB  L962A  L9654  L9632  LA694  
LA6B0  LA6AD  L4143  LA644  L02B1  L50DA  LA721  L02AF  L02B0  
LA72F  LA731  LA742  LA74D  L0837  LA75B  LA76B  LA77A  L0209  
LA77D  LA78E  LA79F  LA7AF  L5D02  LB0B2  LB0D0  LB0D2  L5B1D  
LE5B3  LE5F2  L5B85  LE9AF  L5B45  L5B46  L5B47  L5B48  LE66A  
LF411  LF414  LF01D  LEFD7  L008D  LBB44  LBAFD  LBB02  L0145  
LBB41  LBC14  LBC1C  LBCE8  LBBCA  LBBFD  LBBD6  LBBA1  L5FC9  
L018C  LF148  LF14E  LF155  LB8F8  LB8FC  LB8FD  LBE8E  L674A  
LBDED  L674E  LBDEA  LBF1D  L6920  LBF14  LBFAE  L6924  LBFE6  
LBFD2  LBFC6  LBFDA  L02CE  L9488  L948D  L948F  LCA3F  L4F82  
L4F83  L0868  L3008  L933F  L9340  L9A73  LA273  L4FBC  LA291  
LA269  LA2B1  L9F6D  LDFF7  LE036  LDC35  LDD0D  LDD8A  LDD7E  
L4E4F  LDD41  L024A  L4E55  LDD3B  LDD7B  L4E3A  LE2AA  L48C2  
LE293  L48C5  LE2CB  LE2A4  LE31E  L48CC  L48C9  L400E  LE308  
L48CB  L48CA  L48CD  L9218  L9205  L922E  L9236  L9244  L7FFA  
L01ED  L48B6  L7FAE  L48B5  L48B7  L7FBB  L7FFD  L48B8  L7FD4  
L7FE6  L7FF4  L8001  L85EB  L85FA  L8681  L8689  L8694  L86F6  
L8627  L8A01  L8745  L872E  L8734  L873F  L493F  L8756  L8758  
L876E  L4940  L0290  L4942  L028F  L8789  LD3DD  L0811  LD3D8  
LD410  LB43D  LB458  L01D0  LB472  LB47A  LB524  LB51E  LB52D  
L95E3  L95E6  L0862  L0871  L087D  L4E87  L9614  L960E  L9611  
L9920  L9684  L4F19  L4F1B  L4F1A  L4F1F  L9674  L4F20  L4F21  
L4F1C  L4F1E  L4F1D  L4F22  L4F23  L9690  L9696  LA6B7  LA7AA  
L083F  LA7B9  L020F  LA7D6  L01E4  LA7EC  LA7FD  L021B  LA810  
LA81A  LA830  L4141  L413D  L021C  LA849  L021E  L022E  L413F  
LA8A3  LA88D  LA882  L5D13  L5D12  LE34C  LB0FB  LB0F8  L5B89  
L5B8C  LE9D8  LE673  LF42A  LF421  LF024  L0144  LBB1D  LBB23  
LBB36  LBB33  LBC5A  LBC33  L0139  L0138  L013A  L5FCF  L5FD0  
L018E  L018F  LBBE9  LBBF2  LBBFB  LBC0B  LBBB8  L5FCA  L5FCB  
L5FCC  LBBD0  LB905  LB917  LD96D  LB927  LB929  L013E  LB942  
L00E2  L00E9  L5FFF  LB94B  L5FFE  LB988  L6923  LBF76  LBF35  
LC0B8  L0110  LBF53  LBF4E  L0185  L0125  LBF62  LBF6A  L00EB  
LBF71  L00ED  LC046  LBFF3  LC01C  LC00A  L6747  LC025  L6922  
LBFE0  L9A7E  L4FBB  LA287  LA2A3  LA29E  LA2CF  LA2C3  LA2BE  
LE010  L023A  LDC3C  LDCFD  LDDC1  L4E57  LDDA0  L4E58  LDDC6  
L4E56  L4E59  LDDCB  LDD59  L0248  L4E53  LDD56  LDD44  L48C6  
LE2D9  L0801  L48C1  LE29F  L48C4  L48DF  L0261  L804F  L0200  
L8014  L801D  L48B9  L8022  L48BB  L803D  L48BA  L804A  L8053  
L4969  L8609  L860C  L8708  L871F  L8F97  L8A1B  L8A50  L48C7  
L8A35  L8A28  L8A32  L8A3B  L8A52  L8A47  L0289  L0287  L8A7B  
L8790  L4E4E  L028E  L493D  L87A2  L87BB  L87AF  L87B7  L01F7  
L87BD  LD405  L080F  L4132  LD402  LB543  LB53B  LB553  LB5FE  
LEBB1  L95EE  L0889  L9938  L9963  L994F  L50BE  L96C5  L970F  
L4F05  L4F06  L96B4  L4F07  L96BC  L4F09  L4F08  L96FF  L0217  
L413C  L413E  L0154  L0220  LA8F1  L083C  LA90C  LA914  LA895  
L4854  LE364  LE35F  LE38E  LBCCB  LBC5C  LBBC5  L5FCD  L5FCE  
LD97B  LD982  LB954  LB976  L0141  LB9AB  L5FE1  LB9A0  LBA76  
LC054  LC10A  L0188  LC0CC  L0186  LC0F8  LC107  LC118  LC05C  
LC05F  LC02B  LC034  LC03F  LC017  LA2AC  LA2E0  LA2EB  LA2CC  
LDC39  L0242  LDC52  LDC4B  LDC4F  L4E42  L0243  L0244  LDE01  
L4E66  LDDFB  L024F  L4E69  LDDF8  L4E52  LDD86  L4E50  L0247  
L4E51  LDD74  LDD87  L48C3  L0262  L8069  L8075  L808B  L48CE  
L8098  L80B8  L8712  L8FA6  L8FAC  L8A6B  L48E2  L8A71  L48CF  
L8AEE  L8AFC  L48D8  L8AE9  L48D4  L8AC9  L8AB0  L8AC1  L0294  
L48D5  L8AD9  L8B05  L87CA  L0298  L87D0  LB562  LB574  LB57C  
LB586  LB588  LB591  LB597  LB59F  LB5A1  LB5AB  LB5AD  LB5B3  
LB5BF  LE414  LB5CE  LB5DB  LB5E3  LB5EB  LB5F1  LB5FD  L0114  
LB64D  LB631  LB64C  LEC13  LEBD6  L088B  L50BF  L96E4  L96F8  
L971A  L9781  L415D  LA91D  LA977  LE37B  LBCD8  LBC84  LBC6E  
LBC7E  LBC8E  LBC89  L013F  LB987  L5FE2  LB9BA  LB9BF  LB9CA  
LB9C3  L5FE3  LB9F7  L013D  LBA91  LBA8E  L601E  LBA9F  LBAA5  
LBAAC  LBABF  LE424  L0112  LBAC8  LA2FF  LA31F  LA313  LA30D  
LA30E  L4E47  LDC8E  L4E43  L4E44  L4E45  L4E46  LDC7A  L4E4A  
L4E4D  LDD03  LDC90  L4E6E  LDE39  LDE1E  L4E70  LDE41  LDE44  
LDE30  LDD83  L80A0  L4905  L80B5  L0254  L4D8A  L025B  L0257  
L80ED  L80F0  L4D88  L8112  L0271  L0275  L8138  L813B  L81D1  
L817F  L8156  L514B  L8153  L084D  L514C  L514F  L514D  L8170  
L514E  L8179  L0075  L50CE  L8FBB  L02B6  L8FC7  L1809  
     *** Warning:  Branch Ref: 0x1809 is outside of Loaded Source File.
L8FA8  L50D0  L901B  L8FFA  L8FDA  L8FDD  L02B7  L9016  L50D7  
L8FF2  L02A9  L48D6  L8AF9  L8B3F  L8B13  L4952  L48DA  L48DB  
L8B39  L082C  L48DC  L8B31  L48E0  L8AD3  L48EE  L8AE4  L8B02  
L029F  L87D3  L87E9  L87E6  L885C  LE420  LB665  L00D7  L5FC5  
LB67D  LB691  LB69B  LB74E  LEC4E  LEBE1  LEBE5  LEC15  L0132  
LEC4F  LEC4B  L4F12  L4F13  L96F0  L4F14  L4F16  L4F15  L973C  
L9730  L9756  L088F  L97A5  L932A  L97A2  L4F24  L4F25  L97AF  
L97B3  L4159  L415A  LA932  L415B  LA939  LA9CC  LBCAE  LBC9A  
LB99D  LBA21  LBA7C  LB9E5  L5FDD  L5FE4  L013C  LBA03  LBA05  
LBA18  L0142  LBA2E  LBA3D  LBA5D  LBA4D  L5FDE  LBA54  LE430  
LA332  LA32D  LA319  LA340  LDCBB  LDC9C  L48ED  L4E48  LDCAC  
LDCB6  L4E6F  LDE28  LDE3C  LDE4E  L4E73  LDE96  LDE6F  L4E72  
LDE6C  L4E74  LDE9E  LDE74  L81DB  L818A  L81E9  L8198  L81A0  
L81A2  L81C5  L495C  L028D  L495B  L81EC  L8300  L9039  L9033  
L9042  L90F3  L9004  L9007  L50D1  L901E  L4909  L8B49  L4E71  
L8B4D  L4955  L8B6B  L4957  L8B64  L48E1  L8AFF  L87F1  L885F  
L8859  L880D  L8873  L0282  L029D  L89F4  L601D  LB6AC  LB6CE  
LEC30  L0133  LEC7E  L974C  L0895  L0891  L977E  L977B  L9775  
L9331  L9332  L97BC  L0869  L97C6  L97CA  L415C  LA954  L415F  
L46E8  LAA40  L46E9  LA9EC  L0838  LBCC9  L5FDF  L5FE5  L0140  
LBA71  L5FE0  LBA63  LA33B  LA352  LA34D  L0245  LDCC5  L4E4C  
LDCE5  L4E4B  LDCD3  LDEA1  L4E76  L4E78  LDE89  L4E79  LDEB6  
LDEB3  L0856  L4E7A  LDED7  L087F  L81FE  L48BC  L8218  L8207  
L8213  L4938  L0268  L0267  L4939  L8315  L81DF  L83D0  L905A  
L9064  L9067  L02AD  L50D3  L9082  L9085  L02B3  L02B5  L90AF  
L50D4  L90A2  L90A5  L90DB  L90C2  L50D8  L90C8  L9176  L9120  
L9144  L9105  L916E  L8B75  L8D50  L8818  L881C  L8825  L8889  
L0291  L8883  L88A1  L89FB  L0292  LB6BA  L00DB  L00D8  LB6FA  
LB6E9  LB6F8  L0134  L0897  L97D3  L97E1  L97ED  L4F76  L97FA  
L4F77  L9807  L4F78  L9819  L4F75  L9820  L9829  LA95D  LA967  
LAA69  L4151  LAA5C  L022B  LAAA3  L083A  LAA18  LAA23  L083B  
LAA35  LAA3D  LA35B  LDCEB  LDCE0  L4E49  L8222  L822F  L8247  
L48BD  L821A  L83EE  L48D1  L48D2  L48D3  L83F4  L006C  L8425  
L90E6  L90F0  L917A  L90D5  L90D8  L919A  L918D  L912A  L9148  
L50DC  L50DB  L913B  L50DD  L9177  L50D9  L4917  L8B8D  L4918  
L0286  L8B9C  L026E  L8D71  L081A  L8D68  L0818  L48EC  L8DAE  
L8D96  L8DA0  L8DA6  L8E1D  L8E56  L8834  L494B  L889B  L494C  
L02A3  L88F6  L4943  L88C9  L88DB  L0285  L88E6  L8893  LB6C1  
LB6C7  LB701  LB70B  L4F74  L9AA8  L9D03  L9D89  L9840  L984E  
L9855  LA973  LA97D  LA980  LAAA6  L414E  L4150  LAA7B  L414F  
LAA8D  LAA90  LAAAD  L1812  
     *** Warning:  Branch Ref: 0x1812 is outside of Loaded Source File.
LAAE0  LAADD  L4160  LAACD  L4163  LAAD2  L8236  L48C0  L081D  
L8258  L8255  L8402  L4510  L840E  L8416  L842E  L8449  L844F  
L8473  L847F  L91B5  L91B2  L50CF  L9197  L9153  L9161  L9164  
L02AA  L9173  L4919  L0203  L0204  L0205  L8BCA  L490D  L8BD2  
L8CDF  L8E1F  L8DCE  L48EA  L8DCA  L8DD9  L8E04  L48EB  L8E00  
L8DFE  L8E1A  L8E18  L8E5C  L48F2  L8E75  L8E70  L48F0  L8E73  
L4901  L4902  L4903  L4904  L8908  L891F  L8932  L894C  L02A4  
L8962  L89B0  L493E  L8970  L88F2  LB713  LB72A  LB733  L0113  
L9AB2  L9ABA  L9AD2  L9ADD  L9D13  L9D53  L9D95  L9D9F  L9863  
L0870  L986A  LA995  LA9A2  LA9A8  L0211  L4145  LAAF9  LAB47  
LAB24  L0231  LAB17  L4164  L4161  L493A  L8262  L8330  L450F  
L8422  L847B  L848E  L84A0  L859F  L8C34  L8BDD  L490A  L8BE8  
L0299  L490F  L8D0C  L028C  L8D15  L48E4  L8E34  L48E5  L48E6  
L8E41  L48E7  L48E8  L48E9  L8ED2  L8E99  L8EA2  L8ECC  L48EF  
L8E7B  L89C5  L4944  L89BD  L89CC  L897B  L897C  L4EE9  L9AE8  
L4EEA  L9B10  L9D1A  L9D20  L9D26  L4FBF  L9D3D  L9D4B  L9D5E  
L9D72  L9D9D  L9DDF  L9DB7  L9DC2  L9DC8  L9874  L9877  L9891  
L988A  L450A  LA9C0  L450B  LA9BC  LA9C3  LAB60  LAB59  LAB63  
L46D5  L46D6  L46D7  L46D8  L82CA  L8284  L82E0  L8341  L8349  
L83CA  L84DE  L84AD  L84D3  L85AE  L029A  L4913  L8CA4  L8C5A  
L490E  L4914  L490B  L8C7C  L8C88  L491B  L8C9D  L8CA3  L4912  
L8CC0  L4915  L4916  L491A  L8D1B  L490C  L8C09  L8C31  L8C17  
L8D36  L8D49  L0399  L0263  L8EFD  L48BE  L48BF  L8F00  L026C  
L8EC9  L8EBB  L48FF  L48FD  L89E9  L4908  L8998  L4907  L89AD  
L8995  L9AFE  L9B3B  L9B2A  L9B41  L9CE9  L4FC0  L9D47  L4FC1  
L9D56  L9D67  L9DBD  L5030  L9DC5  L5031  L9DD5  L9DD8  L9899  
L509F  L98B5  L509E  L98B8  L98C6  LAB91  L45CE  LAB72  L45CF  
LABA2  LAB7B  L4E6D  L4935  L82DA  L4937  L8325  L828F  L493B  
L82B8  L493C  L82AA  L4933  L82E3  L4934  L82C6  L4930  L82E8  
L082B  L8357  L8362  L492C  L836B  L492D  L837B  L8390  L839D  
L839F  L492F  L83B4  L492E  L84E9  L854C  L84F2  L8507  L8518  
L0281  L8535  L027F  L027D  L0280  L027C  L8559  L84B7  L4922  
L84DC  L496A  L84D9  L8555  L85C9  L85D2  L4963  L4965  L8C1E  
L8CD6  
     *** Warning:  Branch Ref: 0x1800 is outside of Loaded Source File.
L8F4B  L0297  L8F1E  L8F89  L0296  L8F2C  L48E3  L8F3D  L8F4E  
L8F57  L4900  L48FE  L89A3  L4906  L9B09  L9B50  L9B82  L9B70  
L0873  L9D70  L98BE  L98C0  L98D6  L9913  LABB2  L414B  LABD5  
LABD2  LAB87  LAB89  L0269  L82FB  L4931  L82F6  L4932  L831E  
L4928  L8576  L492A  L8599  L858C  L4910  L8C3A  L4911  L8C36  
L491C  L8CF0  L8F82  L8F70  L48F1  L8F6B  L8F7D  L504B  L504C  
L9B7C  L9CBD  L9B8D  L9BA1  L98FD  L50A2  L98EE  L98F2  L50A0  
LABC9  L4149  LABF9  LABE9  LABF4  L039A  L8586  L8CFB  L8C39  
L8F7A  L9CDC  L9CCC  L9CD3  L9CD9  L9B96  L9BB2  L9BBC  L990B  
L4147  L0213  LAC0B  LAC1D  LAC1B  LAC24  L180F  
     *** Warning:  Branch Ref: 0x180F is outside of Loaded Source File.
L0224  LAC3F  LAC5D  L3FE8  L3FE6  LACEC  LACCB  LACD7  LACE0  
LACD1  LACB9  L4E67  LACC8  L8D0B  L9CE7  L9B9F  L9C31  L50B8  
L9BF9  L9BDC  L50BC  L9BF6  LACFC  LAD5E  L3FEC  L3FE4  L4E68  
LACCE  L9C49  L9C3E  L9C44  L9C5F  L9C0A  L9C23  L9C1E  L9C62  
L9C56  L9C5C  L9C2E  L9C6D  L9C94  L9C81  L9C8F  L50BB  L9CBC  

Pass 2 - Disassembling to Output File...

     *** Warning:  Branch Ref: 0x1800 is outside of Loaded Source File.

     *** Warning:  Branch Ref: 0x1809 is outside of Loaded Source File.

     *** Warning:  Branch Ref: 0x1803 is outside of Loaded Source File.

     *** Warning:  Branch Ref: 0x1812 is outside of Loaded Source File.

     *** Warning:  Branch Ref: 0x180F is outside of Loaded Source File.

     *** Warning:  Branch Ref: 0x1815 is outside of Loaded Source File.

     *** Warning:  Branch Ref: 0x1806 is outside of Loaded Source File.

     *** Warning:  Branch Ref: 0x180C is outside of Loaded Source File.

Disassembly Complete
Number of labels: 3989
FFD6 SCIVEC TRUE
FFD8 SPIVEC TRUE
FFDA PAIEVE TRUE
FFDC PAOVEC TRUE
FFDE TOVFVE TRUE
FFE0 TI4O5V TRUE
FFE2 TO4VEC TRUE
FFE4 TO3VEC TRUE
FFE6 TO2VEC TRUE
FFE8 TO1VEC TRUE
FFEA TI3VEC TRUE
FFEC TI2VEC TRUE
FFEE TI1VEC TRUE
FFF0 RTIVEC TRUE
FFF2 IRQVEC TRUE
FFF4 XIRQVE TRUE
FFF6 SWIVEC TRUE
FFF8 ILOPVE TRUE
FFFA COPVEC TRUE
FFFC CMONVE TRUE
FFFE RSTVEC TRUE
F494 SCIRTN TRUE
F8EE SPIRTN TRUE
F8E4 PAIERT TRUE
7922 TI4O5R TRUE
7986 TO4RTN TRUE
79EA TO3RTN TRUE
F8D9 TO2RTN TRUE
CC8A TO1RTN TRUE
7597 IRQRTN TRUE
F8B3 XIRQRT TRUE
F8AE SWIRTN TRUE
F8C4 ILOPRT TRUE
F8C9 COPRTN TRUE
F8CE CMONRT TRUE
F8D3 RESET TRUE
C3BA LC3BA TRUE
CD23 LCD23 TRUE
C3CE LC3CE TRUE
C4B3 LC4B3 TRUE
AE65 LAE65 TRUE
EEAA LEEAA TRUE
F26C LF26C TRUE
D425 LD425 TRUE
7C31 L7C31 TRUE
7C34 L7C34 TRUE
C6D1 LC6D1 TRUE
0002 L0002 TRUE
7C4A L7C4A TRUE
E860 LE860 TRUE
E893 LE893 TRUE
C6F6 LC6F6 TRUE
C71D LC71D TRUE
7C59 L7C59 TRUE
D2D7 LD2D7 TRUE
D399 LD399 TRUE
7C7B L7C7B TRUE
C506 LC506 TRUE
C923 LC923 TRUE
CC1E LCC1E TRUE
7C8C L7C8C TRUE
7C8F L7C8F TRUE
CCC9 LCCC9 TRUE
CE3D LCE3D TRUE
A386 LA386 TRUE
D414 LD414 TRUE
D1D9 LD1D9 TRUE
7CBA L7CBA TRUE
7CBD L7CBD TRUE
CA43 LCA43 TRUE
CACF LCACF TRUE
D9BB LD9BB TRUE
DA49 LDA49 TRUE
02BE L02BE TRUE
7CD9 L7CD9 TRUE
0004 L0004 TRUE
7CDC L7CDC TRUE
7CE6 L7CE6 TRUE
7CE9 L7CE9 TRUE
F4A4 LF4A4 TRUE
F4CB LF4CB TRUE
F5B5 LF5B5 TRUE
3024 L3024 TRUE
3025 L3025 TRUE
7972 L7972 TRUE
0046 L0046 TRUE
7954 L7954 TRUE
0273 L0273 TRUE
025D L025D TRUE
7942 L7942 TRUE
7945 L7945 TRUE
0825 L0825 TRUE
7962 L7962 TRUE
79D6 L79D6 TRUE
79B8 L79B8 TRUE
79A6 L79A6 TRUE
79A9 L79A9 TRUE
0827 L0827 TRUE
79C6 L79C6 TRUE
301A L301A TRUE
3023 L3023 TRUE
0000 L0000 TRUE
0044 L0044 TRUE
7A05 L7A05 TRUE
F705 LF705 TRUE
3022 L3022 TRUE
3FC8 L3FC8 TRUE
0226 L0226 TRUE
CC9C LCC9C TRUE
0062 L0062 TRUE
CCC8 LCCC8 TRUE
CCBD LCCBD TRUE
CCC5 LCCC5 TRUE
759E L759E TRUE
F8BB LF8BB TRUE
F8B1 LF8B1 TRUE
F8C7 LF8C7 TRUE
F8D6 LF8D6 TRUE
F8D1 LF8D1 TRUE
7200 L7200 TRUE
EF12 LEF12 TRUE
EEFC LEEFC TRUE
0055 L0055 TRUE
0130 L0130 TRUE
CD2C LCD2C TRUE
0118 L0118 TRUE
CD41 LCD41 TRUE
012E L012E TRUE
007F L007F TRUE
CD78 LCD78 TRUE
C3F1 LC3F1 TRUE
0316 L0316 TRUE
C454 LC454 TRUE
C4C4 LC4C4 TRUE
001B L001B TRUE
C4D1 LC4D1 TRUE
400F L400F TRUE
AE6F LAE6F TRUE
AF16 LAF16 TRUE
082D L082D TRUE
0192 L0192 TRUE
082F L082F TRUE
009F L009F TRUE
00A1 L00A1 TRUE
EEFB LEEFB TRUE
0082 L0082 TRUE
F273 LF273 TRUE
1806 L1806 TRUE
0F00 L0F00 TRUE
E444 LE444 TRUE
E46C LE46C TRUE
E45C LE45C TRUE
0080 L0080 TRUE
00D3 L00D3 TRUE
D491 LD491 TRUE
D8FE LD8FE TRUE
D444 LD444 TRUE
D478 LD478 TRUE
C32A LC32A TRUE
EC80 LEC80 TRUE
ECCD LECCD TRUE
EAEE LEAEE TRUE
EB2F LEB2F TRUE
EB70 LEB70 TRUE
E7EF LE7EF TRUE
E82B LE82B TRUE
EA28 LEA28 TRUE
E8C6 LE8C6 TRUE
E8C7 LE8C7 TRUE
E8C8 LE8C8 TRUE
E8FC LE8FC TRUE
E50E LE50E TRUE
E542 LE542 TRUE
C78A LC78A TRUE
C7E0 LC7E0 TRUE
C805 LC805 TRUE
006F L006F TRUE
0016 L0016 TRUE
7C63 L7C63 TRUE
0017 L0017 TRUE
7C6A L7C6A TRUE
003B L003B TRUE
E892 LE892 TRUE
E88E LE88E TRUE
0165 L0165 TRUE
E882 LE882 TRUE
E88F LE88F TRUE
E8C5 LE8C5 TRUE
E8C1 LE8C1 TRUE
0166 L0166 TRUE
E8B5 LE8B5 TRUE
E8C2 LE8C2 TRUE
0043 L0043 TRUE
C706 LC706 TRUE
004E L004E TRUE
C717 LC717 TRUE
C71A LC71A TRUE
00AE L00AE TRUE
C72A LC72A TRUE
C732 LC732 TRUE
C734 LC734 TRUE
00AF L00AF TRUE
F0D3 LF0D3 TRUE
672E L672E TRUE
0083 L0083 TRUE
C74B LC74B TRUE
672D L672D TRUE
C754 LC754 TRUE
00A3 L00A3 TRUE
5D28 L5D28 TRUE
C75F LC75F TRUE
5D29 L5D29 TRUE
C767 LC767 TRUE
5D2A L5D2A TRUE
C770 LC770 TRUE
C787 LC787 TRUE
D2E1 LD2E1 TRUE
D398 LD398 TRUE
D3A2 LD3A2 TRUE
D3C6 LD3C6 TRUE
0088 L0088 TRUE
C51D LC51D TRUE
009C L009C TRUE
C530 LC530 TRUE
0087 L0087 TRUE
C529 LC529 TRUE
C543 LC543 TRUE
C53C LC53C TRUE
0096 L0096 TRUE
C54A LC54A TRUE
C55D LC55D TRUE
0183 L0183 TRUE
0085 L0085 TRUE
C55A LC55A TRUE
C569 LC569 TRUE
0182 L0182 TRUE
C575 LC575 TRUE
0122 L0122 TRUE
0089 L0089 TRUE
C595 LC595 TRUE
C58E LC58E TRUE
00D1 L00D1 TRUE
C5A3 LC5A3 TRUE
C5B1 LC5B1 TRUE
C5E2 LC5E2 TRUE
E434 LE434 TRUE
0092 L0092 TRUE
C5D5 LC5D5 TRUE
C5C4 LC5C4 TRUE
C5D2 LC5D2 TRUE
0050 L0050 TRUE
C93B LC93B TRUE
C93E LC93E TRUE
CC89 LCC89 TRUE
022C L022C TRUE
0019 L0019 TRUE
CC72 LCC72 TRUE
0006 L0006 TRUE
45AC L45AC TRUE
CC86 LCC86 TRUE
01E3 L01E3 TRUE
45AD L45AD TRUE
01E5 L01E5 TRUE
CC44 LCC44 TRUE
45AE L45AE TRUE
022F L022F TRUE
45B0 L45B0 TRUE
CC66 LCC66 TRUE
45AF L45AF TRUE
0052 L0052 TRUE
CC5D LCC5D TRUE
CC78 LCC78 TRUE
F279 LF279 TRUE
9F7C L9F7C TRUE
C879 LC879 TRUE
AD62 LAD62 TRUE
CCE9 LCCE9 TRUE
F15E LF15E TRUE
CCE0 LCCE0 TRUE
CCE6 LCCE6 TRUE
5B03 L5B03 TRUE
4E6B L4E6B TRUE
CD0B LCD0B TRUE
4E6C L4E6C TRUE
CD1D LCD1D TRUE
022A L022A TRUE
4E6A L4E6A TRUE
CD18 LCD18 TRUE
400B L400B TRUE
CE55 LCE55 TRUE
0253 L0253 TRUE
006E L006E TRUE
CE52 LCE52 TRUE
CEB0 LCEB0 TRUE
02A5 L02A5 TRUE
CE64 LCE64 TRUE
CE6A LCE6A TRUE
004F L004F TRUE
A38D LA38D TRUE
A4DC LA4DC TRUE
0812 L0812 TRUE
02A7 L02A7 TRUE
D1E0 LD1E0 TRUE
D2D6 LD2D6 TRUE
CA56 LCA56 TRUE
48B4 L48B4 TRUE
01F3 L01F3 TRUE
01F8 L01F8 TRUE
CA59 LCA59 TRUE
4E7F L4E7F TRUE
F0F6 LF0F6 TRUE
CAE8 LCAE8 TRUE
CB3A LCB3A TRUE
00F8 L00F8 TRUE
4E3B L4E3B TRUE
DA32 LDA32 TRUE
D9FE LD9FE TRUE
4E37 L4E37 TRUE
0240 L0240 TRUE
4E38 L4E38 TRUE
DA03 LDA03 TRUE
4E3D L4E3D TRUE
DA06 LDA06 TRUE
DA53 LDA53 TRUE
DA60 LDA60 TRUE
0071 L0071 TRUE
DAB5 LDAB5 TRUE
C30B LC30B TRUE
E3ED LE3ED TRUE
E4B9 LE4B9 TRUE
E046 LE046 TRUE
F4B1 LF4B1 TRUE
F4CC LF4CC TRUE
302E L302E TRUE
302F L302F TRUE
0364 L0364 TRUE
0369 L0369 TRUE
F5E3 LF5E3 TRUE
0363 L0363 TRUE
0362 L0362 TRUE
F5FF LF5FF TRUE
F5DB LF5DB TRUE
F5E5 LF5E5 TRUE
F660 LF660 TRUE
0821 L0821 TRUE
7983 L7983 TRUE
795D L795D TRUE
0823 L0823 TRUE
79E7 L79E7 TRUE
79C1 L79C1 TRUE
003A L003A TRUE
7A17 L7A17 TRUE
7A14 L7A14 TRUE
0003 L0003 TRUE
7A20 L7A20 TRUE
7A3B L7A3B TRUE
0391 L0391 TRUE
0072 L0072 TRUE
0392 L0392 TRUE
9286 L9286 TRUE
F08B LF08B TRUE
082E L082E TRUE
7A73 L7A73 TRUE
7A70 L7A70 TRUE
4E5F L4E5F TRUE
01FC L01FC TRUE
F137 LF137 TRUE
4E5E L4E5E TRUE
4139 L4139 TRUE
0047 L0047 TRUE
7A7D L7A7D TRUE
4138 L4138 TRUE
01E6 L01E6 TRUE
01E9 L01E9 TRUE
3030 L3030 TRUE
7A95 L7A95 TRUE
3031 L3031 TRUE
3032 L3032 TRUE
3033 L3033 TRUE
3034 L3034 TRUE
0148 L0148 TRUE
EEE2 LEEE2 TRUE
7CF6 L7CF6 TRUE
3FFA L3FFA TRUE
0073 L0073 TRUE
7AD4 L7AD4 TRUE
3FC4 L3FC4 TRUE
080D L080D TRUE
080C L080C TRUE
0146 L0146 TRUE
3068 L3068 TRUE
7E04 L7E04 TRUE
7B00 L7B00 TRUE
7AFF L7AFF TRUE
7AF7 L7AF7 TRUE
4953 L4953 TRUE
0051 L0051 TRUE
7B0F L7B0F TRUE
7B11 L7B11 TRUE
001A L001A TRUE
7B2D L7B2D TRUE
7B7C L7B7C TRUE
AD0C LAD0C TRUE
303A L303A TRUE
F72C LF72C TRUE
F72D LF72D TRUE
0366 L0366 TRUE
F749 LF749 TRUE
F081 LF081 TRUE
F753 LF753 TRUE
0001 L0001 TRUE
0390 L0390 TRUE
F771 LF771 TRUE
0230 L0230 TRUE
300E L300E TRUE
3016 L3016 TRUE
75C3 L75C3 TRUE
306F L306F TRUE
75DB L75DB TRUE
75E2 L75E2 TRUE
76FD L76FD TRUE
CA8A LCA8A TRUE
306E L306E TRUE
723A L723A TRUE
3FFC L3FFC TRUE
F08A LF08A TRUE
725B L725B TRUE
EF9A LEF9A TRUE
7282 L7282 TRUE
72C3 L72C3 TRUE
00A0 L00A0 TRUE
7548 L7548 TRUE
EF11 LEF11 TRUE
EF04 LEF04 TRUE
0093 L0093 TRUE
CD4A LCD4A TRUE
CE3C LCE3C TRUE
C44A LC44A TRUE
0317 L0317 TRUE
C464 LC464 TRUE
C40D LC40D TRUE
0061 L0061 TRUE
4153 L4153 TRUE
C45F LC45F TRUE
4154 L4154 TRUE
4158 L4158 TRUE
4155 L4155 TRUE
0201 L0201 TRUE
C42E LC42E TRUE
4156 L4156 TRUE
C440 LC440 TRUE
F17B LF17B TRUE
C451 LC451 TRUE
4157 L4157 TRUE
C46B LC46B TRUE
C4D5 LC4D5 TRUE
0018 L0018 TRUE
C503 LC503 TRUE
AE8B LAE8B TRUE
5151 L5151 TRUE
AE99 LAE99 TRUE
5155 L5155 TRUE
0853 L0853 TRUE
AF0D LAF0D TRUE
001D L001D TRUE
E458 LE458 TRUE
E454 LE454 TRUE
E47C LE47C TRUE
E478 LE478 TRUE
E468 LE468 TRUE
D4D9 LD4D9 TRUE
D4A4 LD4A4 TRUE
D4CF LD4CF TRUE
D90A LD90A TRUE
D906 LD906 TRUE
D908 LD908 TRUE
D8DC LD8DC TRUE
D451 LD451 TRUE
D48C LD48C TRUE
019D L019D TRUE
D4DA LD4DA TRUE
004C L004C TRUE
C348 LC348 TRUE
C35C LC35C TRUE
C361 LC361 TRUE
ECCC LECCC TRUE
ECC8 LECC8 TRUE
0169 L0169 TRUE
0084 L0084 TRUE
ECAF LECAF TRUE
0090 L0090 TRUE
001C L001C TRUE
0026 L0026 TRUE
ED09 LED09 TRUE
ED05 LED05 TRUE
016A L016A TRUE
ECF9 LECF9 TRUE
008F L008F TRUE
0027 L0027 TRUE
EB2E LEB2E TRUE
EB2A LEB2A TRUE
0175 L0175 TRUE
0098 L0098 TRUE
EB04 LEB04 TRUE
EB1E LEB1E TRUE
002B L002B TRUE
EB6F LEB6F TRUE
EB6B LEB6B TRUE
0176 L0176 TRUE
EB45 LEB45 TRUE
EB5F LEB5F TRUE
002C L002C TRUE
EBB0 LEBB0 TRUE
EBAC LEBAC TRUE
0177 L0177 TRUE
EB86 LEB86 TRUE
EBA0 LEBA0 TRUE
002D L002D TRUE
E82A LE82A TRUE
E822 LE822 TRUE
0162 L0162 TRUE
E814 LE814 TRUE
0091 L0091 TRUE
E85F LE85F TRUE
E85B LE85B TRUE
0164 L0164 TRUE
E84F LE84F TRUE
EA7A LEA7A TRUE
EA76 LEA76 TRUE
5B95 L5B95 TRUE
EA4B LEA4B TRUE
EA54 LEA54 TRUE
E8FB LE8FB TRUE
E8F7 LE8F7 TRUE
0167 L0167 TRUE
E8EB LE8EB TRUE
E8F8 LE8F8 TRUE
E92F LE92F TRUE
E92B LE92B TRUE
0168 L0168 TRUE
E91F LE91F TRUE
E92C LE92C TRUE
E541 LE541 TRUE
E53D LE53D TRUE
0159 L0159 TRUE
E531 LE531 TRUE
E53E LE53E TRUE
E575 LE575 TRUE
E571 LE571 TRUE
015A L015A TRUE
E565 LE565 TRUE
E572 LE572 TRUE
C79B LC79B TRUE
00A2 L00A2 TRUE
C7AE LC7AE TRUE
C7B1 LC7B1 TRUE
C7ED LC7ED TRUE
C7F5 LC7F5 TRUE
C7F7 LC7F7 TRUE
02A6 L02A6 TRUE
0208 L0208 TRUE
0266 L0266 TRUE
C829 LC829 TRUE
003F L003F TRUE
C83E LC83E TRUE
48D9 L48D9 TRUE
48DE L48DE TRUE
0295 L0295 TRUE
01EE L01EE TRUE
01DE L01DE TRUE
C862 LC862 TRUE
C868 LC868 TRUE
F136 LF136 TRUE
0842 L0842 TRUE
C922 LC922 TRUE
F0E0 LF0E0 TRUE
F0E4 LF0E4 TRUE
5D2B L5D2B TRUE
00A5 L00A5 TRUE
D2EB LD2EB TRUE
D2EE LD2EE TRUE
D3B0 LD3B0 TRUE
D3C9 LD3C9 TRUE
00DC L00DC TRUE
C5EC LC5EC TRUE
0127 L0127 TRUE
010A L010A TRUE
C622 LC622 TRUE
C606 LC606 TRUE
0086 L0086 TRUE
C603 LC603 TRUE
C6CA LC6CA TRUE
E440 LE440 TRUE
C949 LC949 TRUE
CA42 LCA42 TRUE
45B2 L45B2 TRUE
45B3 L45B3 TRUE
022D L022D TRUE
45B1 L45B1 TRUE
1800 L1800 TRUE
F284 LF284 TRUE
180C L180C TRUE
9F83 L9F83 TRUE
A370 LA370 TRUE
C8BF LC8BF TRUE
0252 L0252 TRUE
C88C LC88C TRUE
C893 LC893 TRUE
AD6C LAD6C TRUE
AE64 LAE64 TRUE
F172 LF172 TRUE
F178 LF178 TRUE
CF37 LCF37 TRUE
CE70 LCE70 TRUE
9DE0 L9DE0 TRUE
087B L087B TRUE
A3B0 LA3B0 TRUE
087C L087C TRUE
A39F LA39F TRUE
4F27 L4F27 TRUE
A3A5 LA3A5 TRUE
A3AD LA3AD TRUE
4F26 L4F26 TRUE
086B L086B TRUE
A3D0 LA3D0 TRUE
A3BC LA3BC TRUE
A3CD LA3CD TRUE
400C L400C TRUE
D21A LD21A TRUE
402C L402C TRUE
D1FE LD1FE TRUE
402D L402D TRUE
01F9 L01F9 TRUE
D2CB LD2CB TRUE
03B2 L03B2 TRUE
CA61 LCA61 TRUE
CA7C LCA7C TRUE
CA80 LCA80 TRUE
F100 LF100 TRUE
F103 LF103 TRUE
CAFE LCAFE TRUE
CB2F LCB2F TRUE
CB34 LCB34 TRUE
CB3C LCB3C TRUE
0855 L0855 TRUE
DA45 LDA45 TRUE
4E3E L4E3E TRUE
DA2A LDA2A TRUE
4E3F L4E3F TRUE
0241 L0241 TRUE
4E40 L4E40 TRUE
DA2F LDA2F TRUE
024E L024E TRUE
DA70 LDA70 TRUE
DAC6 LDAC6 TRUE
003C L003C TRUE
0239 L0239 TRUE
DAC2 LDAC2 TRUE
DFA8 LDFA8 TRUE
E6B4 LE6B4 TRUE
E74D LE74D TRUE
EC7F LEC7F TRUE
ED0A LED0A TRUE
ED63 LED63 TRUE
E9DC LE9DC TRUE
EAAE LEAAE TRUE
EDD5 LEDD5 TRUE
EDD6 LEDD6 TRUE
EE44 LEE44 TRUE
E410 LE410 TRUE
E3F3 LE3F3 TRUE
E088 LE088 TRUE
E085 LE085 TRUE
4E7E L4E7E TRUE
E06C LE06C TRUE
4E7D L4E7D TRUE
F4FC LF4FC TRUE
0042 L0042 TRUE
F4F4 LF4F4 TRUE
F4E9 LF4E9 TRUE
039B L039B TRUE
0367 L0367 TRUE
F590 LF590 TRUE
F60F LF60F TRUE
F65A LF65A TRUE
F5EE LF5EE TRUE
F5F5 LF5F5 TRUE
F6F7 LF6F7 TRUE
000A L000A TRUE
9292 L9292 TRUE
929B L929B TRUE
F09A LF09A TRUE
3060 L3060 TRUE
004B L004B TRUE
3062 L3062 TRUE
3064 L3064 TRUE
004D L004D TRUE
3067 L3067 TRUE
F13D LF13D TRUE
F15A LF15A TRUE
EEF6 LEEF6 TRUE
7D08 L7D08 TRUE
014A L014A TRUE
0149 L0149 TRUE
7D8B L7D8B TRUE
7E0E L7E0E TRUE
7E17 L7E17 TRUE
7E12 L7E12 TRUE
7B51 L7B51 TRUE
924A L924A TRUE
A53C LA53C TRUE
D075 LD075 TRUE
D11D LD11D TRUE
F285 LF285 TRUE
7B49 L7B49 TRUE
B773 LB773 TRUE
7BA9 L7BA9 TRUE
7BB7 L7BB7 TRUE
7BE6 L7BE6 TRUE
7BAC L7BAC TRUE
AD59 LAD59 TRUE
3FC0 L3FC0 TRUE
005F L005F TRUE
020B L020B TRUE
4142 L4142 TRUE
AD2C LAD2C TRUE
F1ED LF1ED TRUE
AD44 LAD44 TRUE
AD4B LAD4B TRUE
3066 L3066 TRUE
F774 LF774 TRUE
F763 LF763 TRUE
F87E LF87E TRUE
0068 L0068 TRUE
006A L006A TRUE
75F5 L75F5 TRUE
02F0 L02F0 TRUE
75FF L75FF TRUE
02EC L02EC TRUE
7743 L7743 TRUE
028B L028B TRUE
770B L770B TRUE
02F1 L02F1 TRUE
7720 L7720 TRUE
081E L081E TRUE
495A L495A TRUE
028A L028A TRUE
7740 L7740 TRUE
7786 L7786 TRUE
7767 L7767 TRUE
0053 L0053 TRUE
77C9 L77C9 TRUE
0277 L0277 TRUE
7762 L7762 TRUE
77AF L77AF TRUE
3061 L3061 TRUE
3063 L3063 TRUE
3065 L3065 TRUE
EFA8 LEFA8 TRUE
EFC2 LEFC2 TRUE
0005 L0005 TRUE
303F L303F TRUE
72D2 L72D2 TRUE
72EC L72EC TRUE
CD58 LCD58 TRUE
CD60 LCD60 TRUE
5E8E L5E8E TRUE
CD7B LCD7B TRUE
5E8B L5E8B TRUE
CD75 LCD75 TRUE
5E8A L5E8A TRUE
C47A LC47A TRUE
01EF L01EF TRUE
0207 L0207 TRUE
0206 L0206 TRUE
01F0 L01F0 TRUE
01F1 L01F1 TRUE
C46E LC46E TRUE
F184 LF184 TRUE
F189 LF189 TRUE
F1B4 LF1B4 TRUE
F1BA LF1BA TRUE
C4DF LC4DF TRUE
C4EC LC4EC TRUE
00A6 L00A6 TRUE
AEA2 LAEA2 TRUE
AF02 LAF02 TRUE
0854 L0854 TRUE
E49F LE49F TRUE
E486 LE486 TRUE
D4E3 LD4E3 TRUE
0180 L0180 TRUE
D4EB LD4EB TRUE
D4F1 LD4F1 TRUE
D4F7 LD4F7 TRUE
D50F LD50F TRUE
D505 LD505 TRUE
D50D LD50D TRUE
D4B1 LD4B1 TRUE
D91B LD91B TRUE
D92C LD92C TRUE
0099 L0099 TRUE
D927 LD927 TRUE
D932 LD932 TRUE
D8FA LD8FA TRUE
D8FC LD8FC TRUE
D46C LD46C TRUE
D854 LD854 TRUE
D8B7 LD8B7 TRUE
D47B LD47B TRUE
008A L008A TRUE
C364 LC364 TRUE
C37B LC37B TRUE
C383 LC383 TRUE
ECC9 LECC9 TRUE
ED06 LED06 TRUE
EB2B LEB2B TRUE
EB6C LEB6C TRUE
EBAD LEBAD TRUE
E826 LE826 TRUE
E85C LE85C TRUE
0171 L0171 TRUE
EA6A LEA6A TRUE
EA77 LEA77 TRUE
C7C6 LC7C6 TRUE
5B1A L5B1A TRUE
5B18 L5B18 TRUE
C7C2 LC7C2 TRUE
5B1B L5B1B TRUE
C7CA LC7CA TRUE
4074 L4074 TRUE
D2FB LD2FB TRUE
007E L007E TRUE
D313 LD313 TRUE
C62E LC62E TRUE
0124 L0124 TRUE
C6BD LC6BD TRUE
C614 LC614 TRUE
C611 LC611 TRUE
C6C2 LC6C2 TRUE
4022 L4022 TRUE
C955 LC955 TRUE
C963 LC963 TRUE
4012 L4012 TRUE
0830 L0830 TRUE
4013 L4013 TRUE
0831 L0831 TRUE
C994 LC994 TRUE
997F L997F TRUE
0009 L0009 TRUE
9FAD L9FAD TRUE
4EB6 L4EB6 TRUE
4EB7 L4EB7 TRUE
02C6 L02C6 TRUE
02D0 L02D0 TRUE
0887 L0887 TRUE
9FCD L9FCD TRUE
0888 L0888 TRUE
50B5 L50B5 TRUE
50B4 L50B4 TRUE
9FCA L9FCA TRUE
0038 L0038 TRUE
4E85 L4E85 TRUE
9FD6 L9FD6 TRUE
A01C LA01C TRUE
0036 L0036 TRUE
A37A LA37A TRUE
A382 LA382 TRUE
086A L086A TRUE
021D L021D TRUE
45D0 L45D0 TRUE
C8E0 LC8E0 TRUE
003D L003D TRUE
029B L029B TRUE
021F L021F TRUE
0841 L0841 TRUE
0843 L0843 TRUE
C90B LC90B TRUE
C91F LC91F TRUE
C8A4 LC8A4 TRUE
C8AD LC8AD TRUE
AD76 LAD76 TRUE
AD8B LAD8B TRUE
46FF L46FF TRUE
CF3E LCF3E TRUE
CF48 LCF48 TRUE
CE78 LCE78 TRUE
CE82 LCE82 TRUE
9DE9 L9DE9 TRUE
9DEB L9DEB TRUE
0882 L0882 TRUE
9E16 L9E16 TRUE
5064 L5064 TRUE
9E0F L9E0F TRUE
9E01 L9E01 TRUE
0884 L0884 TRUE
5065 L5065 TRUE
9E13 L9E13 TRUE
9E51 L9E51 TRUE
085C L085C TRUE
A400 LA400 TRUE
A3DC LA3DC TRUE
A3FD LA3FD TRUE
086C L086C TRUE
A3C6 LA3C6 TRUE
4EAF L4EAF TRUE
01FB L01FB TRUE
402F L402F TRUE
D22B LD22B TRUE
01FA L01FA TRUE
402B L402B TRUE
0041 L0041 TRUE
D213 LD213 TRUE
D22E LD22E TRUE
F10D LF10D TRUE
4E82 L4E82 TRUE
CB18 LCB18 TRUE
029C L029C TRUE
4E83 L4E83 TRUE
CB37 LCB37 TRUE
CB4B LCB4B TRUE
CB66 LCB66 TRUE
CB4E LCB4E TRUE
003E L003E TRUE
DA82 LDA82 TRUE
DAAA LDAAA TRUE
DA9E LDA9E TRUE
024B L024B TRUE
023C L023C TRUE
023D L023D TRUE
DEDA LDEDA TRUE
DAD4 LDAD4 TRUE
E6E5 LE6E5 TRUE
E6DF LE6DF TRUE
E6E8 LE6E8 TRUE
008E L008E TRUE
015F L015F TRUE
E6E2 LE6E2 TRUE
0023 L0023 TRUE
E748 LE748 TRUE
E781 LE781 TRUE
E77B LE77B TRUE
E784 LE784 TRUE
0160 L0160 TRUE
E77E LE77E TRUE
0024 L0024 TRUE
E7EA LE7EA TRUE
ED62 LED62 TRUE
ED5E LED5E TRUE
016B L016B TRUE
ED32 LED32 TRUE
0028 L0028 TRUE
EDD3 LEDD3 TRUE
EDCF LEDCF TRUE
016C L016C TRUE
ED81 LED81 TRUE
EA27 LEA27 TRUE
EA23 LEA23 TRUE
016F L016F TRUE
EA12 LEA12 TRUE
E9F4 LE9F4 TRUE
002A L002A TRUE
EAED LEAED TRUE
EAE5 LEAE5 TRUE
0173 L0173 TRUE
EAD3 LEAD3 TRUE
EAE9 LEAE9 TRUE
EDFE LEDFE TRUE
EDFC LEDFC TRUE
0179 L0179 TRUE
EE00 LEE00 TRUE
001E L001E TRUE
EE3F LEE3F TRUE
002F L002F TRUE
EE6C LEE6C TRUE
EE6A LEE6A TRUE
017A L017A TRUE
EE6E LEE6E TRUE
0030 L0030 TRUE
EEA5 LEEA5 TRUE
E0AD LE0AD TRUE
0255 L0255 TRUE
E0A2 LE0A2 TRUE
E0AB LE0AB TRUE
0259 L0259 TRUE
0279 L0279 TRUE
E0CB LE0CB TRUE
024D L024D TRUE
4E7B L4E7B TRUE
E082 LE082 TRUE
4E7C L4E7C TRUE
F513 LF513 TRUE
F510 LF510 TRUE
F5B4 LF5B4 TRUE
F663 LF663 TRUE
F62E LF62E TRUE
F655 LF655 TRUE
F704 LF704 TRUE
302D L302D TRUE
92A0 L92A0 TRUE
4EAC L4EAC TRUE
92E3 L92E3 TRUE
014E L014E TRUE
7D17 L7D17 TRUE
0147 L0147 TRUE
7D22 L7D22 TRUE
7D2D L7D2D TRUE
7D35 L7D35 TRUE
7D36 L7D36 TRUE
014D L014D TRUE
7D45 L7D45 TRUE
7D51 L7D51 TRUE
7D6B L7D6B TRUE
7D79 L7D79 TRUE
7DC6 L7DC6 TRUE
00F6 L00F6 TRUE
6925 L6925 TRUE
7DC4 L7DC4 TRUE
6927 L6927 TRUE
6926 L6926 TRUE
7DBF L7DBF TRUE
00F5 L00F5 TRUE
7E2D L7E2D TRUE
5D04 L5D04 TRUE
7E23 L7E23 TRUE
7E2E L7E2E TRUE
CC05 LCC05 TRUE
7B6A L7B6A TRUE
0393 L0393 TRUE
7B6D L7B6D TRUE
9268 L9268 TRUE
9262 L9262 TRUE
A548 LA548 TRUE
A552 LA552 TRUE
01EC L01EC TRUE
A562 LA562 TRUE
A56C LA56C TRUE
400D L400D TRUE
D083 LD083 TRUE
01DC L01DC TRUE
D11C LD11C TRUE
0070 L0070 TRUE
D15A LD15A TRUE
D12E LD12E TRUE
01D1 L01D1 TRUE
D1D5 LD1D5 TRUE
F2EA LF2EA TRUE
F2E7 LF2E7 TRUE
F2CF LF2CF TRUE
F2BF LF2BF TRUE
CF65 LCF65 TRUE
AF40 LAF40 TRUE
B77C LB77C TRUE
B78B LB78B TRUE
AD5B LAD5B TRUE
F7E3 LF7E3 TRUE
3FCC L3FCC TRUE
F880 LF880 TRUE
3FEA L3FEA TRUE
3FCE L3FCE TRUE
3FDC L3FDC TRUE
3FF6 L3FF6 TRUE
F7B7 LF7B7 TRUE
F7CE LF7CE TRUE
F7D0 LF7D0 TRUE
7873 L7873 TRUE
7626 L7626 TRUE
02F2 L02F2 TRUE
78D4 L78D4 TRUE
026F L026F TRUE
7629 L7629 TRUE
76D7 L76D7 TRUE
7812 L7812 TRUE
0829 L0829 TRUE
7789 L7789 TRUE
4920 L4920 TRUE
77BF L77BF TRUE
77D5 L77D5 TRUE
77F9 L77F9 TRUE
084E L084E TRUE
7801 L7801 TRUE
78A4 L78A4 TRUE
081F L081F TRUE
77BC L77BC TRUE
082A L082A TRUE
EFB2 LEFB2 TRUE
EF47 LEF47 TRUE
4008 L4008 TRUE
4006 L4006 TRUE
72E5 L72E5 TRUE
730C L730C TRUE
000F L000F TRUE
EFC3 LEFC3 TRUE
0015 L0015 TRUE
7308 L7308 TRUE
733C L733C TRUE
5B24 L5B24 TRUE
0319 L0319 TRUE
EF1D LEF1D TRUE
7346 L7346 TRUE
735A L735A TRUE
7351 L7351 TRUE
4133 L4133 TRUE
0219 L0219 TRUE
001F L001F TRUE
736D L736D TRUE
5B1E L5B1E TRUE
0020 L0020 TRUE
7379 L7379 TRUE
5B21 L5B21 TRUE
0021 L0021 TRUE
7385 L7385 TRUE
5B42 L5B42 TRUE
0022 L0022 TRUE
7391 L7391 TRUE
5B52 L5B52 TRUE
739D L739D TRUE
5B58 L5B58 TRUE
73A9 L73A9 TRUE
5B5E L5B5E TRUE
0025 L0025 TRUE
73B5 L73B5 TRUE
5B78 L5B78 TRUE
73C1 L73C1 TRUE
5B72 L5B72 TRUE
73CD L73CD TRUE
5B74 L5B74 TRUE
73D9 L73D9 TRUE
5B79 L5B79 TRUE
0029 L0029 TRUE
73E5 L73E5 TRUE
5B8B L5B8B TRUE
73F1 L73F1 TRUE
5B8F L5B8F TRUE
73FD L73FD TRUE
5B9D L5B9D TRUE
7409 L7409 TRUE
5B9F L5B9F TRUE
7415 L7415 TRUE
5BA1 L5BA1 TRUE
002E L002E TRUE
7421 L7421 TRUE
5BA2 L5BA2 TRUE
742D L742D TRUE
5BA8 L5BA8 TRUE
7439 L7439 TRUE
5BAE L5BAE TRUE
0031 L0031 TRUE
7445 L7445 TRUE
5BB8 L5BB8 TRUE
7457 L7457 TRUE
7467 L7467 TRUE
0032 L0032 TRUE
7472 L7472 TRUE
0033 L0033 TRUE
747A L747A TRUE
0034 L0034 TRUE
7482 L7482 TRUE
7499 L7499 TRUE
01EA L01EA TRUE
4950 L4950 TRUE
74CA L74CA TRUE
4951 L4951 TRUE
9341 L9341 TRUE
01F5 L01F5 TRUE
B24D LB24D TRUE
B185 LB185 TRUE
01FF L01FF TRUE
01FD L01FD TRUE
01FE L01FE TRUE
489B L489B TRUE
01D8 L01D8 TRUE
0193 L0193 TRUE
755E L755E TRUE
4071 L4071 TRUE
750C L750C TRUE
4072 L4072 TRUE
0078 L0078 TRUE
3FCA L3FCA TRUE
0228 L0228 TRUE
3012 L3012 TRUE
0851 L0851 TRUE
48DD L48DD TRUE
026D L026D TRUE
026B L026B TRUE
0049 L0049 TRUE
EF2B LEF2B TRUE
4D8C L4D8C TRUE
CD81 LCD81 TRUE
CD98 LCD98 TRUE
F1CA LF1CA TRUE
F1D0 LF1D0 TRUE
C4F0 LC4F0 TRUE
5150 L5150 TRUE
AF07 LAF07 TRUE
AEB7 LAEB7 TRUE
5152 L5152 TRUE
AEBA LAEBA TRUE
AF10 LAF10 TRUE
D517 LD517 TRUE
D519 LD519 TRUE
D549 LD549 TRUE
D527 LD527 TRUE
D547 LD547 TRUE
D4C3 LD4C3 TRUE
D7FB LD7FB TRUE
D869 LD869 TRUE
D879 LD879 TRUE
D886 LD886 TRUE
D895 LD895 TRUE
D8B5 LD8B5 TRUE
D8C3 LD8C3 TRUE
D8CE LD8CE TRUE
D984 LD984 TRUE
D934 LD934 TRUE
C3A5 LC3A5 TRUE
691B L691B TRUE
C39F LC39F TRUE
306A L306A TRUE
C3B9 LC3B9 TRUE
012F L012F TRUE
306C L306C TRUE
C7D6 LC7D6 TRUE
C7DC LC7DC TRUE
4075 L4075 TRUE
D309 LD309 TRUE
4076 L4076 TRUE
007C L007C TRUE
007B L007B TRUE
D333 LD333 TRUE
D338 LD338 TRUE
007D L007D TRUE
D34D LD34D TRUE
D352 LD352 TRUE
C635 LC635 TRUE
C64A LC64A TRUE
C6D0 LC6D0 TRUE
C96D LC96D TRUE
C9C0 LC9C0 TRUE
4019 L4019 TRUE
C9AD LC9AD TRUE
0833 L0833 TRUE
9986 L9986 TRUE
9AA7 L9AA7 TRUE
0037 L0037 TRUE
9FDD L9FDD TRUE
A05F LA05F TRUE
A0B4 LA0B4 TRUE
C916 LC916 TRUE
0844 L0844 TRUE
4140 L4140 TRUE
C8BB LC8BB TRUE
AD8E LAD8E TRUE
AE03 LAE03 TRUE
AE08 LAE08 TRUE
CF49 LCF49 TRUE
CF53 LCF53 TRUE
1815 L1815 TRUE
CF64 LCF64 TRUE
0395 L0395 TRUE
0396 L0396 TRUE
CEA0 LCEA0 TRUE
CE93 LCE93 TRUE
CE9D LCE9D TRUE
9E20 L9E20 TRUE
9E70 L9E70 TRUE
5090 L5090 TRUE
9E6D L9E6D TRUE
5091 L5091 TRUE
5092 L5092 TRUE
A432 LA432 TRUE
A421 LA421 TRUE
02CC L02CC TRUE
4FBD L4FBD TRUE
02CA L02CA TRUE
085E L085E TRUE
A3EC LA3EC TRUE
027A L027A TRUE
026A L026A TRUE
D28D LD28D TRUE
4024 L4024 TRUE
D288 LD288 TRUE
4025 L4025 TRUE
D266 LD266 TRUE
D2A8 LD2A8 TRUE
4E80 L4E80 TRUE
4E81 L4E81 TRUE
CB75 LCB75 TRUE
CB7F LCB7F TRUE
3FDA L3FDA TRUE
CB92 LCB92 TRUE
CB95 LCB95 TRUE
DA93 LDA93 TRUE
DA74 LDA74 TRUE
DAA2 LDAA2 TRUE
DAA7 LDAA7 TRUE
DEE1 LDEE1 TRUE
DFAB LDFAB TRUE
DB00 LDB00 TRUE
00F9 L00F9 TRUE
0014 L0014 TRUE
5B12 L5B12 TRUE
DAF2 LDAF2 TRUE
DB72 LDB72 TRUE
DB18 LDB18 TRUE
4E28 L4E28 TRUE
0158 L0158 TRUE
DB29 LDB29 TRUE
4E29 L4E29 TRUE
E74C LE74C TRUE
E6FE LE6FE TRUE
017B L017B TRUE
E749 LE749 TRUE
E7EE LE7EE TRUE
E7AC LE7AC TRUE
E796 LE796 TRUE
017E L017E TRUE
E7A7 LE7A7 TRUE
017D L017D TRUE
E7EB LE7EB TRUE
00E5 L00E5 TRUE
ED5F LED5F TRUE
00AC L00AC TRUE
EDAA LEDAA TRUE
EA24 LEA24 TRUE
EE43 LEE43 TRUE
0190 L0190 TRUE
EE40 LEE40 TRUE
EEA9 LEEA9 TRUE
EEA6 LEEA6 TRUE
F153 LF153 TRUE
0265 L0265 TRUE
E0EE LE0EE TRUE
025F L025F TRUE
0260 L0260 TRUE
E14F LE14F TRUE
E136 LE136 TRUE
02EB L02EB TRUE
02EE L02EE TRUE
02EF L02EF TRUE
491F L491F TRUE
02ED L02ED TRUE
0222 L0222 TRUE
E237 LE237 TRUE
F58A LF58A TRUE
F57E LF57E TRUE
F52B LF52B TRUE
F536 LF536 TRUE
F6BA LF6BA TRUE
F680 LF680 TRUE
036E L036E TRUE
F69B LF69B TRUE
F695 LF695 TRUE
F6CB LF6CB TRUE
F646 LF646 TRUE
0007 L0007 TRUE
0008 L0008 TRUE
92AF L92AF TRUE
7D76 L7D76 TRUE
7D88 L7D88 TRUE
7DDA L7DDA TRUE
7E03 L7E03 TRUE
6929 L6929 TRUE
6928 L6928 TRUE
7E01 L7E01 TRUE
02A1 L02A1 TRUE
7E73 L7E73 TRUE
7E90 L7E90 TRUE
4009 L4009 TRUE
3039 L3039 TRUE
7E71 L7E71 TRUE
CC18 LCC18 TRUE
CC15 LCC15 TRUE
7B79 L7B79 TRUE
94B3 L94B3 TRUE
C307 LC307 TRUE
927C L927C TRUE
9285 L9285 TRUE
9282 L9282 TRUE
A581 LA581 TRUE
A586 LA586 TRUE
01F2 L01F2 TRUE
A5B7 LA5B7 TRUE
4E5A L4E5A TRUE
024C L024C TRUE
4E5C L4E5C TRUE
A5BC LA5BC TRUE
4E5B L4E5B TRUE
A5B2 LA5B2 TRUE
4E5D L4E5D TRUE
A5C2 LA5C2 TRUE
D0AA LD0AA TRUE
D09D LD09D TRUE
01D7 L01D7 TRUE
D0CA LD0CA TRUE
489D L489D TRUE
489C L489C TRUE
D0C7 LD0C7 TRUE
D0D5 LD0D5 TRUE
489A L489A TRUE
D0E2 LD0E2 TRUE
01DA L01DA TRUE
D100 LD100 TRUE
01DD L01DD TRUE
D1CE LD1CE TRUE
D139 LD139 TRUE
D141 LD141 TRUE
006D L006D TRUE
D150 LD150 TRUE
D160 LD160 TRUE
D1CD LD1CD TRUE
01D2 L01D2 TRUE
CF70 LCF70 TRUE
CFAF LCFAF TRUE
CF80 LCF80 TRUE
CF86 LCF86 TRUE
CF83 LCF83 TRUE
CFAB LCFAB TRUE
AF5C LAF5C TRUE
AF62 LAF62 TRUE
B106 LB106 TRUE
B12A LB12A TRUE
B291 LB291 TRUE
B2DD LB2DD TRUE
B375 LB375 TRUE
F42B LF42B TRUE
F2EB LF2EB TRUE
B78C LB78C TRUE
BCED LBCED TRUE
BDF3 LBDF3 TRUE
BD4D LBD4D TRUE
BE8F LBE8F TRUE
F842 LF842 TRUE
3FD4 L3FD4 TRUE
3FD6 L3FD6 TRUE
3FD8 L3FD8 TRUE
F7F4 LF7F4 TRUE
76DD L76DD TRUE
78E4 L78E4 TRUE
78F8 L78F8 TRUE
7634 L7634 TRUE
862B L862B TRUE
76E5 L76E5 TRUE
4D8E L4D8E TRUE
76FA L76FA TRUE
4D8D L4D8D TRUE
0067 L0067 TRUE
450C L450C TRUE
783B L783B TRUE
48D0 L48D0 TRUE
F116 LF116 TRUE
783D L783D TRUE
77A5 L77A5 TRUE
7907 L7907 TRUE
77E8 L77E8 TRUE
7874 L7874 TRUE
78B3 L78B3 TRUE
78CB L78CB TRUE
78D3 L78D3 TRUE
EF5F LEF5F TRUE
EF56 LEF56 TRUE
EF62 LEF62 TRUE
EFC9 LEFC9 TRUE
EF22 LEF22 TRUE
4EE8 L4EE8 TRUE
0885 L0885 TRUE
9355 L9355 TRUE
4EA6 L4EA6 TRUE
9387 L9387 TRUE
935E L935E TRUE
93D4 L93D4 TRUE
9361 L9361 TRUE
B26F LB26F TRUE
B1B5 LB1B5 TRUE
B199 LB199 TRUE
015B L015B TRUE
B1A6 LB1A6 TRUE
B1B7 LB1B7 TRUE
015C L015C TRUE
B1B2 LB1B2 TRUE
019B L019B TRUE
B219 LB219 TRUE
756A L756A TRUE
756C L756C TRUE
48F3 L48F3 TRUE
48F4 L48F4 TRUE
EF3A LEF3A TRUE
EF40 LEF40 TRUE
EF34 LEF34 TRUE
CD8C LCD8C TRUE
CD95 LCD95 TRUE
CDA5 LCDA5 TRUE
5E8C L5E8C TRUE
CE29 LCE29 TRUE
F1DF LF1DF TRUE
F1E6 LF1E6 TRUE
5D05 L5D05 TRUE
5D06 L5D06 TRUE
5154 L5154 TRUE
5153 L5153 TRUE
AEC7 LAEC7 TRUE
AECC LAECC TRUE
AEE3 LAEE3 TRUE
0063 L0063 TRUE
AF0A LAF0A TRUE
D556 LD556 TRUE
5B2C L5B2C TRUE
D567 LD567 TRUE
D564 LD564 TRUE
5D2D L5D2D TRUE
D81B LD81B TRUE
D82A LD82A TRUE
D852 LD852 TRUE
D98D LD98D TRUE
D99F LD99F TRUE
D9AF LD9AF TRUE
D9B8 LD9B8 TRUE
D94C LD94C TRUE
D94F LD94F TRUE
D94A LD94A TRUE
007A L007A TRUE
D380 LD380 TRUE
406D L406D TRUE
D37B LD37B TRUE
084C L084C TRUE
D371 LD371 TRUE
4073 L4073 TRUE
D395 LD395 TRUE
D386 LD386 TRUE
0184 L0184 TRUE
C65E LC65E TRUE
C66D LC66D TRUE
6753 L6753 TRUE
C668 LC668 TRUE
6754 L6754 TRUE
C677 LC677 TRUE
C68F LC68F TRUE
0126 L0126 TRUE
C6A1 LC6A1 TRUE
4011 L4011 TRUE
C977 LC977 TRUE
4010 L4010 TRUE
C988 LC988 TRUE
0834 L0834 TRUE
C9C8 LC9C8 TRUE
C9C3 LC9C3 TRUE
4016 L4016 TRUE
C9BA LC9BA TRUE
9992 L9992 TRUE
99A2 L99A2 TRUE
99AC L99AC TRUE
9FE3 L9FE3 TRUE
9FEC L9FEC TRUE
088D L088D TRUE
A07D LA07D TRUE
A06C LA06C TRUE
A075 LA075 TRUE
02C8 L02C8 TRUE
02D2 L02D2 TRUE
A0BF LA0BF TRUE
A1AE LA1AE TRUE
3FE0 L3FE0 TRUE
0847 L0847 TRUE
0849 L0849 TRUE
ADF3 LADF3 TRUE
0845 L0845 TRUE
ADB2 LADB2 TRUE
084B L084B TRUE
AE0D LAE0D TRUE
ADE4 LADE4 TRUE
5119 L5119 TRUE
AE00 LAE00 TRUE
511A L511A TRUE
0846 L0846 TRUE
CEAA LCEAA TRUE
CEB4 LCEB4 TRUE
9E2A L9E2A TRUE
5066 L5066 TRUE
9E3A L9E3A TRUE
0039 L0039 TRUE
9EB2 L9EB2 TRUE
9E8D L9E8D TRUE
9ECF L9ECF TRUE
A46E LA46E TRUE
5B02 L5B02 TRUE
A44A LA44A TRUE
02CF L02CF TRUE
4FBE L4FBE TRUE
02CD L02CD TRUE
085D L085D TRUE
A3F6 LA3F6 TRUE
4EB1 L4EB1 TRUE
4028 L4028 TRUE
D2A3 LD2A3 TRUE
0232 L0232 TRUE
4026 L4026 TRUE
D27E LD27E TRUE
4027 L4027 TRUE
402A L402A TRUE
D285 LD285 TRUE
CBB2 LCBB2 TRUE
CBD9 LCBD9 TRUE
DA8D LDA8D TRUE
DEEB LDEEB TRUE
DFAC LDFAC TRUE
DF9F LDF9F TRUE
023F L023F TRUE
DB7A LDB7A TRUE
DB2D LDB2D TRUE
4E2A L4E2A TRUE
4E2C L4E2C TRUE
4E2B L4E2B TRUE
4E2E L4E2E TRUE
DB77 LDB77 TRUE
4E2F L4E2F TRUE
4E2D L4E2D TRUE
DB6D LDB6D TRUE
E71A LE71A TRUE
E72E LE72E TRUE
E715 LE715 TRUE
017C L017C TRUE
E7C3 LE7C3 TRUE
EDD0 LEDD0 TRUE
F162 LF162 TRUE
0066 L0066 TRUE
E15D LE15D TRUE
494A L494A TRUE
E164 LE164 TRUE
0858 L0858 TRUE
4FB4 L4FB4 TRUE
E172 LE172 TRUE
E178 LE178 TRUE
E1F4 LE1F4 TRUE
E188 LE188 TRUE
E1FC LE1FC TRUE
E250 LE250 TRUE
E241 LE241 TRUE
E24D LE24D TRUE
F59E LF59E TRUE
0368 L0368 TRUE
F530 LF530 TRUE
F562 LF562 TRUE
F54C LF54C TRUE
F55E LF55E TRUE
F559 LF559 TRUE
F6C0 LF6C0 TRUE
F6B0 LF6B0 TRUE
F6AB LF6AB TRUE
92B7 L92B7 TRUE
92C2 L92C2 TRUE
92C9 L92C9 TRUE
7E8A L7E8A TRUE
0246 L0246 TRUE
02A0 L02A0 TRUE
7EA7 L7EA7 TRUE
7ECA L7ECA TRUE
0065 L0065 TRUE
7EB5 L7EB5 TRUE
413B L413B TRUE
01E8 L01E8 TRUE
7ED2 L7ED2 TRUE
7ECD L7ECD TRUE
B3B5 LB3B5 TRUE
94BA L94BA TRUE
1803 L1803 TRUE
94C4 L94C4 TRUE
A4DD LA4DD TRUE
94DC L94DC TRUE
94D3 L94D3 TRUE
997E L997E TRUE
A613 LA613 TRUE
0283 L0283 TRUE
020D L020D TRUE
A5E0 LA5E0 TRUE
0225 L0225 TRUE
A616 LA616 TRUE
A5F1 LA5F1 TRUE
A657 LA657 TRUE
A655 LA655 TRUE
414D L414D TRUE
0215 L0215 TRUE
A60E LA60E TRUE
D119 LD119 TRUE
01DF L01DF TRUE
01E1 L01E1 TRUE
D172 LD172 TRUE
084F L084F TRUE
D193 LD193 TRUE
D191 LD191 TRUE
D19A LD19A TRUE
D02A LD02A TRUE
CFF3 LCFF3 TRUE
CFDE LCFDE TRUE
CFCD LCFCD TRUE
4850 L4850 TRUE
4851 L4851 TRUE
CFE6 LCFE6 TRUE
CF94 LCF94 TRUE
CF9F LCF9F TRUE
D048 LD048 TRUE
B35E LB35E TRUE
00F3 L00F3 TRUE
0076 L0076 TRUE
3000 L3000 TRUE
AF6F LAF6F TRUE
3002 L3002 TRUE
AF9B LAF9B TRUE
AF96 LAF96 TRUE
AFB5 LAFB5 TRUE
009A L009A TRUE
B121 LB121 TRUE
B124 LB124 TRUE
E677 LE677 TRUE
EA7B LEA7B TRUE
E4BA LE4BA TRUE
B13B LB13B TRUE
B14E LB14E TRUE
B15D LB15D TRUE
00B1 L00B1 TRUE
00B7 L00B7 TRUE
00BC L00BC TRUE
00BE L00BE TRUE
00C0 L00C0 TRUE
B2C9 LB2C9 TRUE
F0BD LF0BD TRUE
B2DA LB2DA TRUE
00E7 L00E7 TRUE
B2FF LB2FF TRUE
B318 LB318 TRUE
5D16 L5D16 TRUE
F23F LF23F TRUE
B2FA LB2FA TRUE
B384 LB384 TRUE
014C L014C TRUE
B38C LB38C TRUE
B38F LB38F TRUE
F464 LF464 TRUE
F43D LF43D TRUE
0045 L0045 TRUE
F47D LF47D TRUE
036A L036A TRUE
51B1 L51B1 TRUE
F493 LF493 TRUE
036C L036C TRUE
012C L012C TRUE
00F7 L00F7 TRUE
008B L008B TRUE
008C L008C TRUE
012D L012D TRUE
F36A LF36A TRUE
F39F LF39F TRUE
F35E LF35E TRUE
F339 LF339 TRUE
F343 LF343 TRUE
F35A LF35A TRUE
0103 L0103 TRUE
F36C LF36C TRUE
03A1 L03A1 TRUE
F376 LF376 TRUE
0111 L0111 TRUE
B794 LB794 TRUE
BACB LBACB TRUE
BCF5 LBCF5 TRUE
BD44 LBD44 TRUE
0119 L0119 TRUE
BDFC LBDFC TRUE
011B L011B TRUE
BE03 LBE03 TRUE
674C L674C TRUE
BE1D LBE1D TRUE
011F L011F TRUE
6750 L6750 TRUE
BE1A LBE1A TRUE
6748 L6748 TRUE
BE2C LBE2C TRUE
BE46 LBE46 TRUE
0121 L0121 TRUE
6752 L6752 TRUE
BE43 LBE43 TRUE
BE49 LBE49 TRUE
BD59 LBD59 TRUE
00AD L00AD TRUE
BD68 LBD68 TRUE
BD71 LBD71 TRUE
BD77 LBD77 TRUE
BE9E LBE9E TRUE
BEA4 LBEA4 TRUE
BEA1 LBEA1 TRUE
C065 LC065 TRUE
F6D2 LF6D2 TRUE
4D8F L4D8F TRUE
7906 L7906 TRUE
763E L763E TRUE
76A4 L76A4 TRUE
7654 L7654 TRUE
7678 L7678 TRUE
864F L864F TRUE
4967 L4967 TRUE
3FF2 L3FF2 TRUE
7851 L7851 TRUE
7865 L7865 TRUE
7870 L7870 TRUE
F121 LF121 TRUE
F125 LF125 TRUE
7921 L7921 TRUE
7919 L7919 TRUE
4E65 L4E65 TRUE
7883 L7883 TRUE
789B L789B TRUE
78A3 L78A3 TRUE
4EAB L4EAB TRUE
4EA8 L4EA8 TRUE
93A0 L93A0 TRUE
4EA9 L4EA9 TRUE
93A5 L93A5 TRUE
93A7 L93A7 TRUE
94A8 L94A8 TRUE
937F L937F TRUE
50C4 L50C4 TRUE
9377 L9377 TRUE
50BD L50BD TRUE
937C L937C TRUE
93F2 L93F2 TRUE
508E L508E TRUE
93E4 L93E4 TRUE
50B9 L50B9 TRUE
93EF L93EF TRUE
9410 L9410 TRUE
508F L508F TRUE
9402 L9402 TRUE
50BA L50BA TRUE
940D L940D TRUE
4E86 L4E86 TRUE
9423 L9423 TRUE
02C2 L02C2 TRUE
02C0 L02C0 TRUE
9494 L9494 TRUE
943D L943D TRUE
9442 L9442 TRUE
9447 L9447 TRUE
B213 LB213 TRUE
B1CD LB1CD TRUE
00F1 L00F1 TRUE
B1D8 LB1D8 TRUE
0094 L0094 TRUE
B201 LB201 TRUE
B223 LB223 TRUE
00AA L00AA TRUE
5B28 L5B28 TRUE
0101 L0101 TRUE
B230 LB230 TRUE
5D1C L5D1C TRUE
B23E LB23E TRUE
5D1B L5D1B TRUE
B24C LB24C TRUE
7583 L7583 TRUE
CDB2 LCDB2 TRUE
5E8D L5E8D TRUE
CE39 LCE39 TRUE
D57D LD57D TRUE
D589 LD589 TRUE
D959 LD959 TRUE
D967 LD967 TRUE
D390 LD390 TRUE
406E L406E TRUE
406F L406F TRUE
4070 L4070 TRUE
C6AB LC6AB TRUE
C6B7 LC6B7 TRUE
4020 L4020 TRUE
C982 LC982 TRUE
401B L401B TRUE
C9D2 LC9D2 TRUE
401A L401A TRUE
C95B LC95B TRUE
401C L401C TRUE
C9E0 LC9E0 TRUE
401D L401D TRUE
CA0A LCA0A TRUE
401E L401E TRUE
C9F9 LC9F9 TRUE
401F L401F TRUE
4014 L4014 TRUE
0836 L0836 TRUE
4F7A L4F7A TRUE
99C6 L99C6 TRUE
4F7B L4F7B TRUE
4F7C L4F7C TRUE
99C3 L99C3 TRUE
0859 L0859 TRUE
4F73 L4F73 TRUE
4F79 L4F79 TRUE
99D5 L99D5 TRUE
99ED L99ED TRUE
4F7D L4F7D TRUE
4F7F L4F7F TRUE
99F2 L99F2 TRUE
085B L085B TRUE
9A20 L9A20 TRUE
02D4 L02D4 TRUE
A031 LA031 TRUE
A000 LA000 TRUE
50C2 L50C2 TRUE
A0B1 LA0B1 TRUE
A09C LA09C TRUE
02D5 L02D5 TRUE
50CD L50CD TRUE
A089 LA089 TRUE
0875 L0875 TRUE
A0C7 LA0C7 TRUE
A13F LA13F TRUE
A1B4 LA1B4 TRUE
A203 LA203 TRUE
AE21 LAE21 TRUE
AE23 LAE23 TRUE
AE31 LAE31 TRUE
AE38 LAE38 TRUE
AE42 LAE42 TRUE
AE58 LAE58 TRUE
CEC3 LCEC3 TRUE
46F4 L46F4 TRUE
CECB LCECB TRUE
CED5 LCED5 TRUE
9E33 L9E33 TRUE
507E L507E TRUE
9E46 L9E46 TRUE
507F L507F TRUE
9E4A L9E4A TRUE
9ECC L9ECC TRUE
9EA8 L9EA8 TRUE
5096 L5096 TRUE
9EA5 L9EA5 TRUE
9EBE L9EBE TRUE
9EDB L9EDB TRUE
0883 L0883 TRUE
9EE9 L9EE9 TRUE
9F78 L9F78 TRUE
A4BC LA4BC TRUE
A4B6 LA4B6 TRUE
50B6 L50B6 TRUE
088E L088E TRUE
50B7 L50B7 TRUE
A4B1 LA4B1 TRUE
A457 LA457 TRUE
50CC L50CC TRUE
A465 LA465 TRUE
A460 LA460 TRUE
A46B LA46B TRUE
4029 L4029 TRUE
CBC7 LCBC7 TRUE
50D2 L50D2 TRUE
CBD6 LCBD6 TRUE
CBF0 LCBF0 TRUE
CBED LCBED TRUE
CC04 LCC04 TRUE
CC01 LCC01 TRUE
DEF2 LDEF2 TRUE
E018 LE018 TRUE
023B L023B TRUE
DFCF LDFCF TRUE
E033 LE033 TRUE
DFC3 LDFC3 TRUE
DFD1 LDFD1 TRUE
E039 LE039 TRUE
DBAE LDBAE TRUE
4E30 L4E30 TRUE
0817 L0817 TRUE
4E35 L4E35 TRUE
DBC4 LDBC4 TRUE
4E33 L4E33 TRUE
4E34 L4E34 TRUE
4E31 L4E31 TRUE
4E32 L4E32 TRUE
DBB3 LDBB3 TRUE
DBC7 LDBC7 TRUE
E727 LE727 TRUE
E733 LE733 TRUE
E7D1 LE7D1 TRUE
E7D9 LE7D9 TRUE
E1A6 LE1A6 TRUE
494F L494F TRUE
E19D LE19D TRUE
494D L494D TRUE
0293 L0293 TRUE
E1F9 LE1F9 TRUE
E1C2 LE1C2 TRUE
E1CF LE1CF TRUE
491E L491E TRUE
E1EF LE1EF TRUE
494E L494E TRUE
E20C LE20C TRUE
E2D6 LE2D6 TRUE
E253 LE253 TRUE
0264 L0264 TRUE
F586 LF586 TRUE
F573 LF573 TRUE
92D9 L92D9 TRUE
92DD L92DD TRUE
92E1 L92E1 TRUE
413A L413A TRUE
B270 LB270 TRUE
7EE6 L7EE6 TRUE
7EEC L7EEC TRUE
B3BE LB3BE TRUE
B3C7 LB3C7 TRUE
A53B LA53B TRUE
A4F0 LA4F0 TRUE
A4D0 LA4D0 TRUE
94ED L94ED TRUE
94EA L94EA TRUE
997C L997C TRUE
A671 LA671 TRUE
A620 LA620 TRUE
4136 L4136 TRUE
A66C LA66C TRUE
0234 L0234 TRUE
4144 L4144 TRUE
A66D LA66D TRUE
A6BB LA6BB TRUE
D1B0 LD1B0 TRUE
D1C4 LD1C4 TRUE
D1C2 LD1C2 TRUE
01D4 L01D4 TRUE
47DA L47DA TRUE
D038 LD038 TRUE
D047 LD047 TRUE
D059 LD059 TRUE
D063 LD063 TRUE
01D5 L01D5 TRUE
D00E LD00E TRUE
01D3 L01D3 TRUE
D020 LD020 TRUE
D02B LD02B TRUE
4853 L4853 TRUE
CFF6 LCFF6 TRUE
CFA7 LCFA7 TRUE
5B43 L5B43 TRUE
B374 LB374 TRUE
B370 LB370 TRUE
AFAB LAFAB TRUE
AFA6 LAFA6 TRUE
AFC5 LAFC5 TRUE
AFCE LAFCE TRUE
AFD1 LAFD1 TRUE
E6B3 LE6B3 TRUE
E6AF LE6AF TRUE
015E L015E TRUE
E6A3 LE6A3 TRUE
EAAD LEAAD TRUE
EAA9 LEAA9 TRUE
0172 L0172 TRUE
EA9D LEA9D TRUE
5B35 L5B35 TRUE
E4CB LE4CB TRUE
B15F LB15F TRUE
B15B LB15B TRUE
5D0D L5D0D TRUE
E576 LE576 TRUE
E5B7 LE5B7 TRUE
E38F LE38F TRUE
E96F LE96F TRUE
B175 LB175 TRUE
E5F6 LE5F6 TRUE
EDD4 LEDD4 TRUE
E930 LE930 TRUE
E3CB LE3CB TRUE
E4A4 LE4A4 TRUE
E3B1 LE3B1 TRUE
F0CA LF0CA TRUE
015D L015D TRUE
016E L016E TRUE
B316 LB316 TRUE
00C6 L00C6 TRUE
00CD L00CD TRUE
B312 LB312 TRUE
00CF L00CF TRUE
00CB L00CB TRUE
5D18 L5D18 TRUE
0102 L0102 TRUE
B33A LB33A TRUE
B344 LB344 TRUE
0814 L0814 TRUE
51B3 L51B3 TRUE
F3BF LF3BF TRUE
F3AC LF3AC TRUE
F3E3 LF3E3 TRUE
F3E0 LF3E0 TRUE
F399 LF399 TRUE
031B L031B TRUE
031D L031D TRUE
031F L031F TRUE
0321 L0321 TRUE
0323 L0323 TRUE
0325 L0325 TRUE
03A3 L03A3 TRUE
B7A2 LB7A2 TRUE
B7A8 LB7A8 TRUE
B7B9 LB7B9 TRUE
B7E8 LB7E8 TRUE
B7E0 LB7E0 TRUE
B7D0 LB7D0 TRUE
BACE LBACE TRUE
B7F4 LB7F4 TRUE
B802 LB802 TRUE
B882 LB882 TRUE
BCFE LBCFE TRUE
BD00 LBD00 TRUE
0143 L0143 TRUE
BD11 LBD11 TRUE
BD29 LBD29 TRUE
BD1B LBD1B TRUE
BD21 LBD21 TRUE
0129 L0129 TRUE
BE52 LBE52 TRUE
012A L012A TRUE
BE5B LBE5B TRUE
BE6C LBE6C TRUE
0123 L0123 TRUE
BE74 LBE74 TRUE
BE7A LBE7A TRUE
BD7A LBD7A TRUE
BD86 LBD86 TRUE
BD8D LBD8D TRUE
C0B7 LC0B7 TRUE
BEC9 LBEC9 TRUE
011D L011D TRUE
BEC6 LBEC6 TRUE
BEC0 LBEC0 TRUE
C06A LC06A TRUE
BF79 LBF79 TRUE
C083 LC083 TRUE
6921 L6921 TRUE
012B L012B TRUE
C08E LC08E TRUE
C0A8 LC0A8 TRUE
76BD L76BD TRUE
76D3 L76D3 TRUE
4956 L4956 TRUE
7669 L7669 TRUE
7675 L7675 TRUE
768A L768A TRUE
76A0 L76A0 TRUE
4EAA L4EAA TRUE
4EA7 L4EA7 TRUE
93C0 L93C0 TRUE
93C5 L93C5 TRUE
93C7 L93C7 TRUE
94B2 L94B2 TRUE
9323 L9323 TRUE
92F1 L92F1 TRUE
94A7 L94A7 TRUE
02C5 L02C5 TRUE
02C3 L02C3 TRUE
02C4 L02C4 TRUE
9457 L9457 TRUE
945C L945C TRUE
945E L945E TRUE
5B22 L5B22 TRUE
B221 LB221 TRUE
5B2A L5B2A TRUE
B205 LB205 TRUE
5B29 L5B29 TRUE
B1FB LB1FB TRUE
0199 L0199 TRUE
019A L019A TRUE
0197 L0197 TRUE
0198 L0198 TRUE
CDBC LCDBC TRUE
CDC5 LCDC5 TRUE
CDD1 LCDD1 TRUE
CDD6 LCDD6 TRUE
CE07 LCE07 TRUE
CDFE LCDFE TRUE
CE04 LCE04 TRUE
0131 L0131 TRUE
D5C2 LD5C2 TRUE
D59A LD59A TRUE
D5B8 LD5B8 TRUE
5D26 L5D26 TRUE
5D27 L5D27 TRUE
5D25 L5D25 TRUE
D5C0 LD5C0 TRUE
5D24 L5D24 TRUE
0081 L0081 TRUE
D5D6 LD5D6 TRUE
018D L018D TRUE
E322 LE322 TRUE
D5F4 LD5F4 TRUE
D5EC LD5EC TRUE
D602 LD602 TRUE
4017 L4017 TRUE
CA14 LCA14 TRUE
4018 L4018 TRUE
CA1D LCA1D TRUE
0832 L0832 TRUE
CA2B LCA2B TRUE
4F7E L4F7E TRUE
9A05 L9A05 TRUE
9A00 L9A00 TRUE
9A31 L9A31 TRUE
4EB2 L4EB2 TRUE
085F L085F TRUE
9A3C L9A3C TRUE
9A8B L9A8B TRUE
4F84 L4F84 TRUE
9A50 L9A50 TRUE
4F85 L4F85 TRUE
9A56 L9A56 TRUE
9A7F L9A7F TRUE
A03A LA03A TRUE
A053 LA053 TRUE
50C1 L50C1 TRUE
50C0 L50C0 TRUE
50C3 L50C3 TRUE
50C5 L50C5 TRUE
A01F LA01F TRUE
9309 L9309 TRUE
A0A1 LA0A1 TRUE
50C6 L50C6 TRUE
4EB3 L4EB3 TRUE
A0D5 LA0D5 TRUE
A0EC LA0EC TRUE
4EB4 L4EB4 TRUE
A0FD LA0FD TRUE
A114 LA114 TRUE
4EB5 L4EB5 TRUE
A135 LA135 TRUE
A176 LA176 TRUE
A1AC LA1AC TRUE
4EE6 L4EE6 TRUE
A15B LA15B TRUE
A170 LA170 TRUE
4EE7 L4EE7 TRUE
A1A9 LA1A9 TRUE
0899 L0899 TRUE
A1A4 LA1A4 TRUE
4FB5 L4FB5 TRUE
4FB6 L4FB6 TRUE
A1EB LA1EB TRUE
A1E3 LA1E3 TRUE
0876 L0876 TRUE
A22A LA22A TRUE
0877 L0877 TRUE
A226 LA226 TRUE
0878 L0878 TRUE
A21B LA21B TRUE
4F18 L4F18 TRUE
4F17 L4F17 TRUE
A227 LA227 TRUE
A238 LA238 TRUE
A23B LA23B TRUE
A35E LA35E TRUE
CEF5 LCEF5 TRUE
CF0B LCF0B TRUE
CF15 LCF15 TRUE
CF22 LCF22 TRUE
0886 L0886 TRUE
508D L508D TRUE
9ECB L9ECB TRUE
9EFE L9EFE TRUE
5094 L5094 TRUE
9EFA L9EFA TRUE
5095 L5095 TRUE
9F13 L9F13 TRUE
9F18 L9F18 TRUE
9F31 L9F31 TRUE
0880 L0880 TRUE
4EAD L4EAD TRUE
DEFA LDEFA TRUE
DF20 LDF20 TRUE
DF05 LDF05 TRUE
DF1B LDF1B TRUE
DF87 LDF87 TRUE
0237 L0237 TRUE
E042 LE042 TRUE
E045 LE045 TRUE
DFDC LDFDC TRUE
DBFA LDBFA TRUE
5B01 L5B01 TRUE
DBE2 LDBE2 TRUE
081C L081C TRUE
4E36 L4E36 TRUE
0223 L0223 TRUE
E21B LE21B TRUE
E321 LE321 TRUE
E264 LE264 TRUE
E2BC LE2BC TRUE
B27D LB27D TRUE
5B26 L5B26 TRUE
B28A LB28A TRUE
B28D LB28D TRUE
5B23 L5B23 TRUE
48B3 L48B3 TRUE
7EFD L7EFD TRUE
029E L029E TRUE
48B1 L48B1 TRUE
7F10 L7F10 TRUE
48B2 L48B2 TRUE
7F23 L7F23 TRUE
91B6 L91B6 TRUE
7F89 L7F89 TRUE
AF17 LAF17 TRUE
8695 L8695 TRUE
7F52 L7F52 TRUE
7F7D L7F7D TRUE
7F80 L7F80 TRUE
860F L860F TRUE
B3C8 LB3C8 TRUE
B3FB LB3FB TRUE
B486 LB486 TRUE
0397 L0397 TRUE
A521 LA521 TRUE
A516 LA516 TRUE
0398 L0398 TRUE
94F4 L94F4 TRUE
961A L961A TRUE
4958 L4958 TRUE
A67F LA67F TRUE
A683 LA683 TRUE
A627 LA627 TRUE
4134 L4134 TRUE
A636 LA636 TRUE
0233 L0233 TRUE
A6D4 LA6D4 TRUE
083D L083D TRUE
A6ED LA6ED TRUE
A6F4 LA6F4 TRUE
AFB2 LAFB2 TRUE
0097 L0097 TRUE
AFDF LAFDF TRUE
AFED LAFED TRUE
0095 L0095 TRUE
B001 LB001 TRUE
B00B LB00B TRUE
B01C LB01C TRUE
5D23 L5D23 TRUE
019C L019C TRUE
B026 LB026 TRUE
B02E LB02E TRUE
B037 LB037 TRUE
B054 LB054 TRUE
009B L009B TRUE
B048 LB048 TRUE
009D L009D TRUE
0077 L0077 TRUE
B064 LB064 TRUE
B06E LB06E TRUE
B07D LB07D TRUE
B096 LB096 TRUE
B099 LB099 TRUE
E6B0 LE6B0 TRUE
EAAA LEAAA TRUE
E5B6 LE5B6 TRUE
E5B2 LE5B2 TRUE
E5A5 LE5A5 TRUE
E5F5 LE5F5 TRUE
E5F1 LE5F1 TRUE
E5E5 LE5E5 TRUE
5B34 L5B34 TRUE
5B2B L5B2B TRUE
E3A9 LE3A9 TRUE
E3AD LE3AD TRUE
E9DB LE9DB TRUE
E9D7 LE9D7 TRUE
E984 LE984 TRUE
E98E LE98E TRUE
5B87 L5B87 TRUE
E992 LE992 TRUE
E676 LE676 TRUE
E672 LE672 TRUE
E61E LE61E TRUE
E96E LE96E TRUE
E96A LE96A TRUE
016D L016D TRUE
E954 LE954 TRUE
E96B LE96B TRUE
E3E5 LE3E5 TRUE
5B3A L5B3A TRUE
5B31 L5B31 TRUE
E3E9 LE3E9 TRUE
E4B5 LE4B5 TRUE
5B2F L5B2F TRUE
E3C3 LE3C3 TRUE
E3C7 LE3C7 TRUE
0100 L0100 TRUE
F3F2 LF3F2 TRUE
F3FE LF3FE TRUE
F401 LF401 TRUE
EFD0 LEFD0 TRUE
BADB LBADB TRUE
BAE7 LBAE7 TRUE
6001 L6001 TRUE
B870 LB870 TRUE
6004 L6004 TRUE
B82B LB82B TRUE
B822 LB822 TRUE
BC0C LBC0C TRUE
B88E LB88E TRUE
BCEC LBCEC TRUE
BB86 LBB86 TRUE
B8BE LB8BE TRUE
B8A6 LB8A6 TRUE
F141 LF141 TRUE
B8D5 LB8D5 TRUE
B8D9 LB8D9 TRUE
B8E8 LB8E8 TRUE
B8E9 LB8E9 TRUE
BD3C LBD3C TRUE
BD3E LBD3E TRUE
BD2F LBD2F TRUE
BE7D LBE7D TRUE
BE85 LBE85 TRUE
BE8B LBE8B TRUE
BD99 LBD99 TRUE
BDA1 LBDA1 TRUE
BDB7 LBDB7 TRUE
BDB4 LBDB4 TRUE
BDF2 LBDF2 TRUE
BDCC LBDCC TRUE
BEE5 LBEE5 TRUE
BEFF LBEFF TRUE
691F L691F TRUE
BEF6 LBEF6 TRUE
BF0B LBF0B TRUE
BF84 LBF84 TRUE
BF95 LBF95 TRUE
691D L691D TRUE
C0A3 LC0A3 TRUE
691E L691E TRUE
C0AB LC0AB TRUE
C0B4 LC0B4 TRUE
50CA L50CA TRUE
92FE L92FE TRUE
9305 L9305 TRUE
946E L946E TRUE
9473 L9473 TRUE
9478 L9478 TRUE
5E8F L5E8F TRUE
CE20 LCE20 TRUE
CE26 LCE26 TRUE
E32A LE32A TRUE
E33B LE33B TRUE
D604 LD604 TRUE
D5FF LD5FF TRUE
4015 L4015 TRUE
CA2F LCA2F TRUE
CA32 LCA32 TRUE
9A15 L9A15 TRUE
4F80 L4F80 TRUE
9A1F L9A1F TRUE
4F81 L4F81 TRUE
0857 L0857 TRUE
9AA1 L9AA1 TRUE
9AA4 L9AA4 TRUE
9333 L9333 TRUE
9A6B L9A6B TRUE
0860 L0860 TRUE
9A66 L9A66 TRUE
0861 L0861 TRUE
9A7B L9A7B TRUE
4F87 L4F87 TRUE
9A82 L9A82 TRUE
4F86 L4F86 TRUE
50C7 L50C7 TRUE
A029 LA029 TRUE
50C8 L50C8 TRUE
931F L931F TRUE
50CB L50CB TRUE
50C9 L50C9 TRUE
4EE4 L4EE4 TRUE
A18B LA18B TRUE
A1A0 LA1A0 TRUE
4EE5 L4EE5 TRUE
0893 L0893 TRUE
A1FA LA1FA TRUE
A249 LA249 TRUE
A250 LA250 TRUE
0866 L0866 TRUE
A367 LA367 TRUE
0867 L0867 TRUE
9F2E L9F2E TRUE
9F48 L9F48 TRUE
5097 L5097 TRUE
9F45 L9F45 TRUE
9F60 L9F60 TRUE
9F58 L9F58 TRUE
507D L507D TRUE
9F7B L9F7B TRUE
DF24 LDF24 TRUE
DF40 LDF40 TRUE
DF44 LDF44 TRUE
4E26 L4E26 TRUE
DF5B LDF5B TRUE
DF84 LDF84 TRUE
DF76 LDF76 TRUE
DF98 LDF98 TRUE
DF9B LDF9B TRUE
DFE8 LDFE8 TRUE
E01B LE01B TRUE
DC16 LDC16 TRUE
DC10 LDC10 TRUE
02AB L02AB TRUE
4E41 L4E41 TRUE
DC24 LDC24 TRUE
DC27 LDC27 TRUE
DD14 LDD14 TRUE
4E39 L4E39 TRUE
DBEF LDBEF TRUE
E224 LE224 TRUE
48C8 L48C8 TRUE
E272 LE272 TRUE
E275 LE275 TRUE
E2DE LE2DE TRUE
02BC L02BC TRUE
91BF L91BF TRUE
02BD L02BD TRUE
91D5 L91D5 TRUE
91D8 L91D8 TRUE
02B8 L02B8 TRUE
02BA L02BA TRUE
920E L920E TRUE
91FD L91FD TRUE
920A L920A TRUE
9221 L9221 TRUE
7F95 L7F95 TRUE
85D8 L85D8 TRUE
AF3C LAF3C TRUE
AF3F LAF3F TRUE
5181 L5181 TRUE
5183 L5183 TRUE
4D8B L4D8B TRUE
86C4 L86C4 TRUE
866E L866E TRUE
86BA L86BA TRUE
86DA L86DA TRUE
86F5 L86F5 TRUE
86F2 L86F2 TRUE
861B L861B TRUE
8720 L8720 TRUE
D3CA LD3CA TRUE
862A L862A TRUE
5D1D L5D1D TRUE
B3F4 LB3F4 TRUE
5D1F L5D1F TRUE
5D21 L5D21 TRUE
B3FA LB3FA TRUE
00FA L00FA TRUE
5D0C L5D0C TRUE
01C9 L01C9 TRUE
01CA L01CA TRUE
01CD L01CD TRUE
01CB L01CB TRUE
01CE L01CE TRUE
5D0E L5D0E TRUE
B426 LB426 TRUE
B424 LB424 TRUE
B40D LB40D TRUE
00D5 L00D5 TRUE
B48D LB48D TRUE
B4DD LB4DD TRUE
B4E8 LB4E8 TRUE
B4A5 LB4A5 TRUE
B4AC LB4AC TRUE
B4B6 LB4B6 TRUE
0181 L0181 TRUE
00D4 L00D4 TRUE
00D9 L00D9 TRUE
00DA L00DA TRUE
B4D3 LB4D3 TRUE
018B L018B TRUE
B552 LB552 TRUE
00D6 L00D6 TRUE
B504 LB504 TRUE
B549 LB549 TRUE
A532 LA532 TRUE
4EAE L4EAE TRUE
9524 L9524 TRUE
9532 L9532 TRUE
9551 L9551 TRUE
4EB0 L4EB0 TRUE
086D L086D TRUE
0879 L0879 TRUE
087A L087A TRUE
0864 L0864 TRUE
086E L086E TRUE
95DA L95DA TRUE
95D5 L95D5 TRUE
95EB L95EB TRUE
962A L962A TRUE
9654 L9654 TRUE
9632 L9632 TRUE
A694 LA694 TRUE
A6B0 LA6B0 TRUE
A6AD LA6AD TRUE
4143 L4143 TRUE
A644 LA644 TRUE
02B1 L02B1 TRUE
50DA L50DA TRUE
A721 LA721 TRUE
02AF L02AF TRUE
02B0 L02B0 TRUE
A72F LA72F TRUE
A731 LA731 TRUE
A742 LA742 TRUE
A74D LA74D TRUE
0837 L0837 TRUE
A75B LA75B TRUE
A76B LA76B TRUE
A77A LA77A TRUE
0209 L0209 TRUE
A77D LA77D TRUE
A78E LA78E TRUE
A79F LA79F TRUE
A7AF LA7AF TRUE
5D02 L5D02 TRUE
B0B2 LB0B2 TRUE
B0D0 LB0D0 TRUE
B0D2 LB0D2 TRUE
5B1D L5B1D TRUE
E5B3 LE5B3 TRUE
E5F2 LE5F2 TRUE
5B85 L5B85 TRUE
E9AF LE9AF TRUE
5B45 L5B45 TRUE
5B46 L5B46 TRUE
5B47 L5B47 TRUE
5B48 L5B48 TRUE
E66A LE66A TRUE
F411 LF411 TRUE
F414 LF414 TRUE
F01D LF01D TRUE
EFD7 LEFD7 TRUE
008D L008D TRUE
BB44 LBB44 TRUE
BAFD LBAFD TRUE
BB02 LBB02 TRUE
0145 L0145 TRUE
BB41 LBB41 TRUE
BC14 LBC14 TRUE
BC1C LBC1C TRUE
BCE8 LBCE8 TRUE
BBCA LBBCA TRUE
BBFD LBBFD TRUE
BBD6 LBBD6 TRUE
BBA1 LBBA1 TRUE
5FC9 L5FC9 TRUE
018C L018C TRUE
F148 LF148 TRUE
F14E LF14E TRUE
F155 LF155 TRUE
B8F8 LB8F8 TRUE
B8FC LB8FC TRUE
B8FD LB8FD TRUE
BE8E LBE8E TRUE
674A L674A TRUE
BDED LBDED TRUE
674E L674E TRUE
BDEA LBDEA TRUE
BF1D LBF1D TRUE
6920 L6920 TRUE
BF14 LBF14 TRUE
BFAE LBFAE TRUE
6924 L6924 TRUE
BFE6 LBFE6 TRUE
BFD2 LBFD2 TRUE
BFC6 LBFC6 TRUE
BFDA LBFDA TRUE
02CE L02CE TRUE
9488 L9488 TRUE
948D L948D TRUE
948F L948F TRUE
CA3F LCA3F TRUE
4F82 L4F82 TRUE
4F83 L4F83 TRUE
0868 L0868 TRUE
3008 L3008 TRUE
933F L933F TRUE
9340 L9340 TRUE
9A73 L9A73 TRUE
A273 LA273 TRUE
4FBC L4FBC TRUE
A291 LA291 TRUE
A269 LA269 TRUE
A2B1 LA2B1 TRUE
9F6D L9F6D TRUE
DFF7 LDFF7 TRUE
E036 LE036 TRUE
DC35 LDC35 TRUE
DD0D LDD0D TRUE
DD8A LDD8A TRUE
DD7E LDD7E TRUE
4E4F L4E4F TRUE
DD41 LDD41 TRUE
024A L024A TRUE
4E55 L4E55 TRUE
DD3B LDD3B TRUE
DD7B LDD7B TRUE
4E3A L4E3A TRUE
E2AA LE2AA TRUE
48C2 L48C2 TRUE
E293 LE293 TRUE
48C5 L48C5 TRUE
E2CB LE2CB TRUE
E2A4 LE2A4 TRUE
E31E LE31E TRUE
48CC L48CC TRUE
48C9 L48C9 TRUE
400E L400E TRUE
E308 LE308 TRUE
48CB L48CB TRUE
48CA L48CA TRUE
48CD L48CD TRUE
9218 L9218 TRUE
9205 L9205 TRUE
922E L922E TRUE
9236 L9236 TRUE
9244 L9244 TRUE
7FFA L7FFA TRUE
01ED L01ED TRUE
48B6 L48B6 TRUE
7FAE L7FAE TRUE
48B5 L48B5 TRUE
48B7 L48B7 TRUE
7FBB L7FBB TRUE
7FFD L7FFD TRUE
48B8 L48B8 TRUE
7FD4 L7FD4 TRUE
7FE6 L7FE6 TRUE
7FF4 L7FF4 TRUE
8001 L8001 TRUE
85EB L85EB TRUE
85FA L85FA TRUE
8681 L8681 TRUE
8689 L8689 TRUE
8694 L8694 TRUE
86F6 L86F6 TRUE
8627 L8627 TRUE
8A01 L8A01 TRUE
8745 L8745 TRUE
872E L872E TRUE
8734 L8734 TRUE
873F L873F TRUE
493F L493F TRUE
8756 L8756 TRUE
8758 L8758 TRUE
876E L876E TRUE
4940 L4940 TRUE
0290 L0290 TRUE
4942 L4942 TRUE
028F L028F TRUE
8789 L8789 TRUE
D3DD LD3DD TRUE
0811 L0811 TRUE
D3D8 LD3D8 TRUE
D410 LD410 TRUE
B43D LB43D TRUE
B458 LB458 TRUE
01D0 L01D0 TRUE
B472 LB472 TRUE
B47A LB47A TRUE
B524 LB524 TRUE
B51E LB51E TRUE
B52D LB52D TRUE
95E3 L95E3 TRUE
95E6 L95E6 TRUE
0862 L0862 TRUE
0871 L0871 TRUE
087D L087D TRUE
4E87 L4E87 TRUE
9614 L9614 TRUE
960E L960E TRUE
9611 L9611 TRUE
9920 L9920 TRUE
9684 L9684 TRUE
4F19 L4F19 TRUE
4F1B L4F1B TRUE
4F1A L4F1A TRUE
4F1F L4F1F TRUE
9674 L9674 TRUE
4F20 L4F20 TRUE
4F21 L4F21 TRUE
4F1C L4F1C TRUE
4F1E L4F1E TRUE
4F1D L4F1D TRUE
4F22 L4F22 TRUE
4F23 L4F23 TRUE
9690 L9690 TRUE
9696 L9696 TRUE
A6B7 LA6B7 TRUE
A7AA LA7AA TRUE
083F L083F TRUE
A7B9 LA7B9 TRUE
020F L020F TRUE
A7D6 LA7D6 TRUE
01E4 L01E4 TRUE
A7EC LA7EC TRUE
A7FD LA7FD TRUE
021B L021B TRUE
A810 LA810 TRUE
A81A LA81A TRUE
A830 LA830 TRUE
4141 L4141 TRUE
413D L413D TRUE
021C L021C TRUE
A849 LA849 TRUE
021E L021E TRUE
022E L022E TRUE
413F L413F TRUE
A8A3 LA8A3 TRUE
A88D LA88D TRUE
A882 LA882 TRUE
5D13 L5D13 TRUE
5D12 L5D12 TRUE
E34C LE34C TRUE
B0FB LB0FB TRUE
B0F8 LB0F8 TRUE
5B89 L5B89 TRUE
5B8C L5B8C TRUE
E9D8 LE9D8 TRUE
E673 LE673 TRUE
F42A LF42A TRUE
F421 LF421 TRUE
F024 LF024 TRUE
0144 L0144 TRUE
BB1D LBB1D TRUE
BB23 LBB23 TRUE
BB36 LBB36 TRUE
BB33 LBB33 TRUE
BC5A LBC5A TRUE
BC33 LBC33 TRUE
0139 L0139 TRUE
0138 L0138 TRUE
013A L013A TRUE
5FCF L5FCF TRUE
5FD0 L5FD0 TRUE
018E L018E TRUE
018F L018F TRUE
BBE9 LBBE9 TRUE
BBF2 LBBF2 TRUE
BBFB LBBFB TRUE
BC0B LBC0B TRUE
BBB8 LBBB8 TRUE
5FCA L5FCA TRUE
5FCB L5FCB TRUE
5FCC L5FCC TRUE
BBD0 LBBD0 TRUE
B905 LB905 TRUE
B917 LB917 TRUE
D96D LD96D TRUE
B927 LB927 TRUE
B929 LB929 TRUE
013E L013E TRUE
B942 LB942 TRUE
00E2 L00E2 TRUE
00E9 L00E9 TRUE
5FFF L5FFF TRUE
B94B LB94B TRUE
5FFE L5FFE TRUE
B988 LB988 TRUE
6923 L6923 TRUE
BF76 LBF76 TRUE
BF35 LBF35 TRUE
C0B8 LC0B8 TRUE
0110 L0110 TRUE
BF53 LBF53 TRUE
BF4E LBF4E TRUE
0185 L0185 TRUE
0125 L0125 TRUE
BF62 LBF62 TRUE
BF6A LBF6A TRUE
00EB L00EB TRUE
BF71 LBF71 TRUE
00ED L00ED TRUE
C046 LC046 TRUE
BFF3 LBFF3 TRUE
C01C LC01C TRUE
C00A LC00A TRUE
6747 L6747 TRUE
C025 LC025 TRUE
6922 L6922 TRUE
BFE0 LBFE0 TRUE
9A7E L9A7E TRUE
4FBB L4FBB TRUE
A287 LA287 TRUE
A2A3 LA2A3 TRUE
A29E LA29E TRUE
A2CF LA2CF TRUE
A2C3 LA2C3 TRUE
A2BE LA2BE TRUE
E010 LE010 TRUE
023A L023A TRUE
DC3C LDC3C TRUE
DCFD LDCFD TRUE
DDC1 LDDC1 TRUE
4E57 L4E57 TRUE
DDA0 LDDA0 TRUE
4E58 L4E58 TRUE
DDC6 LDDC6 TRUE
4E56 L4E56 TRUE
4E59 L4E59 TRUE
DDCB LDDCB TRUE
DD59 LDD59 TRUE
0248 L0248 TRUE
4E53 L4E53 TRUE
DD56 LDD56 TRUE
DD44 LDD44 TRUE
48C6 L48C6 TRUE
E2D9 LE2D9 TRUE
0801 L0801 TRUE
48C1 L48C1 TRUE
E29F LE29F TRUE
48C4 L48C4 TRUE
48DF L48DF TRUE
0261 L0261 TRUE
804F L804F TRUE
0200 L0200 TRUE
8014 L8014 TRUE
801D L801D TRUE
48B9 L48B9 TRUE
8022 L8022 TRUE
48BB L48BB TRUE
803D L803D TRUE
48BA L48BA TRUE
804A L804A TRUE
8053 L8053 TRUE
4969 L4969 TRUE
8609 L8609 TRUE
860C L860C TRUE
8708 L8708 TRUE
871F L871F TRUE
8F97 L8F97 TRUE
8A1B L8A1B TRUE
8A50 L8A50 TRUE
48C7 L48C7 TRUE
8A35 L8A35 TRUE
8A28 L8A28 TRUE
8A32 L8A32 TRUE
8A3B L8A3B TRUE
8A52 L8A52 TRUE
8A47 L8A47 TRUE
0289 L0289 TRUE
0287 L0287 TRUE
8A7B L8A7B TRUE
8790 L8790 TRUE
4E4E L4E4E TRUE
028E L028E TRUE
493D L493D TRUE
87A2 L87A2 TRUE
87BB L87BB TRUE
87AF L87AF TRUE
87B7 L87B7 TRUE
01F7 L01F7 TRUE
87BD L87BD TRUE
D405 LD405 TRUE
080F L080F TRUE
4132 L4132 TRUE
D402 LD402 TRUE
B543 LB543 TRUE
B53B LB53B TRUE
B553 LB553 TRUE
B5FE LB5FE TRUE
EBB1 LEBB1 TRUE
95EE L95EE TRUE
0889 L0889 TRUE
9938 L9938 TRUE
9963 L9963 TRUE
994F L994F TRUE
50BE L50BE TRUE
96C5 L96C5 TRUE
970F L970F TRUE
4F05 L4F05 TRUE
4F06 L4F06 TRUE
96B4 L96B4 TRUE
4F07 L4F07 TRUE
96BC L96BC TRUE
4F09 L4F09 TRUE
4F08 L4F08 TRUE
96FF L96FF TRUE
0217 L0217 TRUE
413C L413C TRUE
413E L413E TRUE
0154 L0154 TRUE
0220 L0220 TRUE
A8F1 LA8F1 TRUE
083C L083C TRUE
A90C LA90C TRUE
A914 LA914 TRUE
A895 LA895 TRUE
4854 L4854 TRUE
E364 LE364 TRUE
E35F LE35F TRUE
E38E LE38E TRUE
BCCB LBCCB TRUE
BC5C LBC5C TRUE
BBC5 LBBC5 TRUE
5FCD L5FCD TRUE
5FCE L5FCE TRUE
D97B LD97B TRUE
D982 LD982 TRUE
B954 LB954 TRUE
B976 LB976 TRUE
0141 L0141 TRUE
B9AB LB9AB TRUE
5FE1 L5FE1 TRUE
B9A0 LB9A0 TRUE
BA76 LBA76 TRUE
C054 LC054 TRUE
C10A LC10A TRUE
0188 L0188 TRUE
C0CC LC0CC TRUE
0186 L0186 TRUE
C0F8 LC0F8 TRUE
C107 LC107 TRUE
C118 LC118 TRUE
C05C LC05C TRUE
C05F LC05F TRUE
C02B LC02B TRUE
C034 LC034 TRUE
C03F LC03F TRUE
C017 LC017 TRUE
A2AC LA2AC TRUE
A2E0 LA2E0 TRUE
A2EB LA2EB TRUE
A2CC LA2CC TRUE
DC39 LDC39 TRUE
0242 L0242 TRUE
DC52 LDC52 TRUE
DC4B LDC4B TRUE
DC4F LDC4F TRUE
4E42 L4E42 TRUE
0243 L0243 TRUE
0244 L0244 TRUE
DE01 LDE01 TRUE
4E66 L4E66 TRUE
DDFB LDDFB TRUE
024F L024F TRUE
4E69 L4E69 TRUE
DDF8 LDDF8 TRUE
4E52 L4E52 TRUE
DD86 LDD86 TRUE
4E50 L4E50 TRUE
0247 L0247 TRUE
4E51 L4E51 TRUE
DD74 LDD74 TRUE
DD87 LDD87 TRUE
48C3 L48C3 TRUE
0262 L0262 TRUE
8069 L8069 TRUE
8075 L8075 TRUE
808B L808B TRUE
48CE L48CE TRUE
8098 L8098 TRUE
80B8 L80B8 TRUE
8712 L8712 TRUE
8FA6 L8FA6 TRUE
8FAC L8FAC TRUE
8A6B L8A6B TRUE
48E2 L48E2 TRUE
8A71 L8A71 TRUE
48CF L48CF TRUE
8AEE L8AEE TRUE
8AFC L8AFC TRUE
48D8 L48D8 TRUE
8AE9 L8AE9 TRUE
48D4 L48D4 TRUE
8AC9 L8AC9 TRUE
8AB0 L8AB0 TRUE
8AC1 L8AC1 TRUE
0294 L0294 TRUE
48D5 L48D5 TRUE
8AD9 L8AD9 TRUE
8B05 L8B05 TRUE
87CA L87CA TRUE
0298 L0298 TRUE
87D0 L87D0 TRUE
B562 LB562 TRUE
B574 LB574 TRUE
B57C LB57C TRUE
B586 LB586 TRUE
B588 LB588 TRUE
B591 LB591 TRUE
B597 LB597 TRUE
B59F LB59F TRUE
B5A1 LB5A1 TRUE
B5AB LB5AB TRUE
B5AD LB5AD TRUE
B5B3 LB5B3 TRUE
B5BF LB5BF TRUE
E414 LE414 TRUE
B5CE LB5CE TRUE
B5DB LB5DB TRUE
B5E3 LB5E3 TRUE
B5EB LB5EB TRUE
B5F1 LB5F1 TRUE
B5FD LB5FD TRUE
0114 L0114 TRUE
B64D LB64D TRUE
B631 LB631 TRUE
B64C LB64C TRUE
EC13 LEC13 TRUE
EBD6 LEBD6 TRUE
088B L088B TRUE
50BF L50BF TRUE
96E4 L96E4 TRUE
96F8 L96F8 TRUE
971A L971A TRUE
9781 L9781 TRUE
415D L415D TRUE
A91D LA91D TRUE
A977 LA977 TRUE
E37B LE37B TRUE
BCD8 LBCD8 TRUE
BC84 LBC84 TRUE
BC6E LBC6E TRUE
BC7E LBC7E TRUE
BC8E LBC8E TRUE
BC89 LBC89 TRUE
013F L013F TRUE
B987 LB987 TRUE
5FE2 L5FE2 TRUE
B9BA LB9BA TRUE
B9BF LB9BF TRUE
B9CA LB9CA TRUE
B9C3 LB9C3 TRUE
5FE3 L5FE3 TRUE
B9F7 LB9F7 TRUE
013D L013D TRUE
BA91 LBA91 TRUE
BA8E LBA8E TRUE
601E L601E TRUE
BA9F LBA9F TRUE
BAA5 LBAA5 TRUE
BAAC LBAAC TRUE
BABF LBABF TRUE
E424 LE424 TRUE
0112 L0112 TRUE
BAC8 LBAC8 TRUE
A2FF LA2FF TRUE
A31F LA31F TRUE
A313 LA313 TRUE
A30D LA30D TRUE
A30E LA30E TRUE
4E47 L4E47 TRUE
DC8E LDC8E TRUE
4E43 L4E43 TRUE
4E44 L4E44 TRUE
4E45 L4E45 TRUE
4E46 L4E46 TRUE
DC7A LDC7A TRUE
4E4A L4E4A TRUE
4E4D L4E4D TRUE
DD03 LDD03 TRUE
DC90 LDC90 TRUE
4E6E L4E6E TRUE
DE39 LDE39 TRUE
DE1E LDE1E TRUE
4E70 L4E70 TRUE
DE41 LDE41 TRUE
DE44 LDE44 TRUE
DE30 LDE30 TRUE
DD83 LDD83 TRUE
80A0 L80A0 TRUE
4905 L4905 TRUE
80B5 L80B5 TRUE
0254 L0254 TRUE
4D8A L4D8A TRUE
025B L025B TRUE
0257 L0257 TRUE
80ED L80ED TRUE
80F0 L80F0 TRUE
4D88 L4D88 TRUE
8112 L8112 TRUE
0271 L0271 TRUE
0275 L0275 TRUE
8138 L8138 TRUE
813B L813B TRUE
81D1 L81D1 TRUE
817F L817F TRUE
8156 L8156 TRUE
514B L514B TRUE
8153 L8153 TRUE
084D L084D TRUE
514C L514C TRUE
514F L514F TRUE
514D L514D TRUE
8170 L8170 TRUE
514E L514E TRUE
8179 L8179 TRUE
0075 L0075 TRUE
50CE L50CE TRUE
8FBB L8FBB TRUE
02B6 L02B6 TRUE
8FC7 L8FC7 TRUE
1809 L1809 TRUE
8FA8 L8FA8 TRUE
50D0 L50D0 TRUE
901B L901B TRUE
8FFA L8FFA TRUE
8FDA L8FDA TRUE
8FDD L8FDD TRUE
02B7 L02B7 TRUE
9016 L9016 TRUE
50D7 L50D7 TRUE
8FF2 L8FF2 TRUE
02A9 L02A9 TRUE
48D6 L48D6 TRUE
8AF9 L8AF9 TRUE
8B3F L8B3F TRUE
8B13 L8B13 TRUE
4952 L4952 TRUE
48DA L48DA TRUE
48DB L48DB TRUE
8B39 L8B39 TRUE
082C L082C TRUE
48DC L48DC TRUE
8B31 L8B31 TRUE
48E0 L48E0 TRUE
8AD3 L8AD3 TRUE
48EE L48EE TRUE
8AE4 L8AE4 TRUE
8B02 L8B02 TRUE
029F L029F TRUE
87D3 L87D3 TRUE
87E9 L87E9 TRUE
87E6 L87E6 TRUE
885C L885C TRUE
E420 LE420 TRUE
B665 LB665 TRUE
00D7 L00D7 TRUE
5FC5 L5FC5 TRUE
B67D LB67D TRUE
B691 LB691 TRUE
B69B LB69B TRUE
B74E LB74E TRUE
EC4E LEC4E TRUE
EBE1 LEBE1 TRUE
EBE5 LEBE5 TRUE
EC15 LEC15 TRUE
0132 L0132 TRUE
EC4F LEC4F TRUE
EC4B LEC4B TRUE
4F12 L4F12 TRUE
4F13 L4F13 TRUE
96F0 L96F0 TRUE
4F14 L4F14 TRUE
4F16 L4F16 TRUE
4F15 L4F15 TRUE
973C L973C TRUE
9730 L9730 TRUE
9756 L9756 TRUE
088F L088F TRUE
97A5 L97A5 TRUE
932A L932A TRUE
97A2 L97A2 TRUE
4F24 L4F24 TRUE
4F25 L4F25 TRUE
97AF L97AF TRUE
97B3 L97B3 TRUE
4159 L4159 TRUE
415A L415A TRUE
A932 LA932 TRUE
415B L415B TRUE
A939 LA939 TRUE
A9CC LA9CC TRUE
BCAE LBCAE TRUE
BC9A LBC9A TRUE
B99D LB99D TRUE
BA21 LBA21 TRUE
BA7C LBA7C TRUE
B9E5 LB9E5 TRUE
5FDD L5FDD TRUE
5FE4 L5FE4 TRUE
013C L013C TRUE
BA03 LBA03 TRUE
BA05 LBA05 TRUE
BA18 LBA18 TRUE
0142 L0142 TRUE
BA2E LBA2E TRUE
BA3D LBA3D TRUE
BA5D LBA5D TRUE
BA4D LBA4D TRUE
5FDE L5FDE TRUE
BA54 LBA54 TRUE
E430 LE430 TRUE
A332 LA332 TRUE
A32D LA32D TRUE
A319 LA319 TRUE
A340 LA340 TRUE
DCBB LDCBB TRUE
DC9C LDC9C TRUE
48ED L48ED TRUE
4E48 L4E48 TRUE
DCAC LDCAC TRUE
DCB6 LDCB6 TRUE
4E6F L4E6F TRUE
DE28 LDE28 TRUE
DE3C LDE3C TRUE
DE4E LDE4E TRUE
4E73 L4E73 TRUE
DE96 LDE96 TRUE
DE6F LDE6F TRUE
4E72 L4E72 TRUE
DE6C LDE6C TRUE
4E74 L4E74 TRUE
DE9E LDE9E TRUE
DE74 LDE74 TRUE
81DB L81DB TRUE
818A L818A TRUE
81E9 L81E9 TRUE
8198 L8198 TRUE
81A0 L81A0 TRUE
81A2 L81A2 TRUE
81C5 L81C5 TRUE
495C L495C TRUE
028D L028D TRUE
495B L495B TRUE
81EC L81EC TRUE
8300 L8300 TRUE
9039 L9039 TRUE
9033 L9033 TRUE
9042 L9042 TRUE
90F3 L90F3 TRUE
9004 L9004 TRUE
9007 L9007 TRUE
50D1 L50D1 TRUE
901E L901E TRUE
4909 L4909 TRUE
8B49 L8B49 TRUE
4E71 L4E71 TRUE
8B4D L8B4D TRUE
4955 L4955 TRUE
8B6B L8B6B TRUE
4957 L4957 TRUE
8B64 L8B64 TRUE
48E1 L48E1 TRUE
8AFF L8AFF TRUE
87F1 L87F1 TRUE
885F L885F TRUE
8859 L8859 TRUE
880D L880D TRUE
8873 L8873 TRUE
0282 L0282 TRUE
029D L029D TRUE
89F4 L89F4 TRUE
601D L601D TRUE
B6AC LB6AC TRUE
B6CE LB6CE TRUE
EC30 LEC30 TRUE
0133 L0133 TRUE
EC7E LEC7E TRUE
974C L974C TRUE
0895 L0895 TRUE
0891 L0891 TRUE
977E L977E TRUE
977B L977B TRUE
9775 L9775 TRUE
9331 L9331 TRUE
9332 L9332 TRUE
97BC L97BC TRUE
0869 L0869 TRUE
97C6 L97C6 TRUE
97CA L97CA TRUE
415C L415C TRUE
A954 LA954 TRUE
415F L415F TRUE
46E8 L46E8 TRUE
AA40 LAA40 TRUE
46E9 L46E9 TRUE
A9EC LA9EC TRUE
0838 L0838 TRUE
BCC9 LBCC9 TRUE
5FDF L5FDF TRUE
5FE5 L5FE5 TRUE
0140 L0140 TRUE
BA71 LBA71 TRUE
5FE0 L5FE0 TRUE
BA63 LBA63 TRUE
A33B LA33B TRUE
A352 LA352 TRUE
A34D LA34D TRUE
0245 L0245 TRUE
DCC5 LDCC5 TRUE
4E4C L4E4C TRUE
DCE5 LDCE5 TRUE
4E4B L4E4B TRUE
DCD3 LDCD3 TRUE
DEA1 LDEA1 TRUE
4E76 L4E76 TRUE
4E78 L4E78 TRUE
DE89 LDE89 TRUE
4E79 L4E79 TRUE
DEB6 LDEB6 TRUE
DEB3 LDEB3 TRUE
0856 L0856 TRUE
4E7A L4E7A TRUE
DED7 LDED7 TRUE
087F L087F TRUE
81FE L81FE TRUE
48BC L48BC TRUE
8218 L8218 TRUE
8207 L8207 TRUE
8213 L8213 TRUE
4938 L4938 TRUE
0268 L0268 TRUE
0267 L0267 TRUE
4939 L4939 TRUE
8315 L8315 TRUE
81DF L81DF TRUE
83D0 L83D0 TRUE
905A L905A TRUE
9064 L9064 TRUE
9067 L9067 TRUE
02AD L02AD TRUE
50D3 L50D3 TRUE
9082 L9082 TRUE
9085 L9085 TRUE
02B3 L02B3 TRUE
02B5 L02B5 TRUE
90AF L90AF TRUE
50D4 L50D4 TRUE
90A2 L90A2 TRUE
90A5 L90A5 TRUE
90DB L90DB TRUE
90C2 L90C2 TRUE
50D8 L50D8 TRUE
90C8 L90C8 TRUE
9176 L9176 TRUE
9120 L9120 TRUE
9144 L9144 TRUE
9105 L9105 TRUE
916E L916E TRUE
8B75 L8B75 TRUE
8D50 L8D50 TRUE
8818 L8818 TRUE
881C L881C TRUE
8825 L8825 TRUE
8889 L8889 TRUE
0291 L0291 TRUE
8883 L8883 TRUE
88A1 L88A1 TRUE
89FB L89FB TRUE
0292 L0292 TRUE
B6BA LB6BA TRUE
00DB L00DB TRUE
00D8 L00D8 TRUE
B6FA LB6FA TRUE
B6E9 LB6E9 TRUE
B6F8 LB6F8 TRUE
0134 L0134 TRUE
0897 L0897 TRUE
97D3 L97D3 TRUE
97E1 L97E1 TRUE
97ED L97ED TRUE
4F76 L4F76 TRUE
97FA L97FA TRUE
4F77 L4F77 TRUE
9807 L9807 TRUE
4F78 L4F78 TRUE
9819 L9819 TRUE
4F75 L4F75 TRUE
9820 L9820 TRUE
9829 L9829 TRUE
A95D LA95D TRUE
A967 LA967 TRUE
AA69 LAA69 TRUE
4151 L4151 TRUE
AA5C LAA5C TRUE
022B L022B TRUE
AAA3 LAAA3 TRUE
083A L083A TRUE
AA18 LAA18 TRUE
AA23 LAA23 TRUE
083B L083B TRUE
AA35 LAA35 TRUE
AA3D LAA3D TRUE
A35B LA35B TRUE
DCEB LDCEB TRUE
DCE0 LDCE0 TRUE
4E49 L4E49 TRUE
8222 L8222 TRUE
822F L822F TRUE
8247 L8247 TRUE
48BD L48BD TRUE
821A L821A TRUE
83EE L83EE TRUE
48D1 L48D1 TRUE
48D2 L48D2 TRUE
48D3 L48D3 TRUE
83F4 L83F4 TRUE
006C L006C TRUE
8425 L8425 TRUE
90E6 L90E6 TRUE
90F0 L90F0 TRUE
917A L917A TRUE
90D5 L90D5 TRUE
90D8 L90D8 TRUE
919A L919A TRUE
918D L918D TRUE
912A L912A TRUE
9148 L9148 TRUE
50DC L50DC TRUE
50DB L50DB TRUE
913B L913B TRUE
50DD L50DD TRUE
9177 L9177 TRUE
50D9 L50D9 TRUE
4917 L4917 TRUE
8B8D L8B8D TRUE
4918 L4918 TRUE
0286 L0286 TRUE
8B9C L8B9C TRUE
026E L026E TRUE
8D71 L8D71 TRUE
081A L081A TRUE
8D68 L8D68 TRUE
0818 L0818 TRUE
48EC L48EC TRUE
8DAE L8DAE TRUE
8D96 L8D96 TRUE
8DA0 L8DA0 TRUE
8DA6 L8DA6 TRUE
8E1D L8E1D TRUE
8E56 L8E56 TRUE
8834 L8834 TRUE
494B L494B TRUE
889B L889B TRUE
494C L494C TRUE
02A3 L02A3 TRUE
88F6 L88F6 TRUE
4943 L4943 TRUE
88C9 L88C9 TRUE
88DB L88DB TRUE
0285 L0285 TRUE
88E6 L88E6 TRUE
8893 L8893 TRUE
B6C1 LB6C1 TRUE
B6C7 LB6C7 TRUE
B701 LB701 TRUE
B70B LB70B TRUE
4F74 L4F74 TRUE
9AA8 L9AA8 TRUE
9D03 L9D03 TRUE
9D89 L9D89 TRUE
9840 L9840 TRUE
984E L984E TRUE
9855 L9855 TRUE
A973 LA973 TRUE
A97D LA97D TRUE
A980 LA980 TRUE
AAA6 LAAA6 TRUE
414E L414E TRUE
4150 L4150 TRUE
AA7B LAA7B TRUE
414F L414F TRUE
AA8D LAA8D TRUE
AA90 LAA90 TRUE
AAAD LAAAD TRUE
1812 L1812 TRUE
AAE0 LAAE0 TRUE
AADD LAADD TRUE
4160 L4160 TRUE
AACD LAACD TRUE
4163 L4163 TRUE
AAD2 LAAD2 TRUE
8236 L8236 TRUE
48C0 L48C0 TRUE
081D L081D TRUE
8258 L8258 TRUE
8255 L8255 TRUE
8402 L8402 TRUE
4510 L4510 TRUE
840E L840E TRUE
8416 L8416 TRUE
842E L842E TRUE
8449 L8449 TRUE
844F L844F TRUE
8473 L8473 TRUE
847F L847F TRUE
91B5 L91B5 TRUE
91B2 L91B2 TRUE
50CF L50CF TRUE
9197 L9197 TRUE
9153 L9153 TRUE
9161 L9161 TRUE
9164 L9164 TRUE
02AA L02AA TRUE
9173 L9173 TRUE
4919 L4919 TRUE
0203 L0203 TRUE
0204 L0204 TRUE
0205 L0205 TRUE
8BCA L8BCA TRUE
490D L490D TRUE
8BD2 L8BD2 TRUE
8CDF L8CDF TRUE
8E1F L8E1F TRUE
8DCE L8DCE TRUE
48EA L48EA TRUE
8DCA L8DCA TRUE
8DD9 L8DD9 TRUE
8E04 L8E04 TRUE
48EB L48EB TRUE
8E00 L8E00 TRUE
8DFE L8DFE TRUE
8E1A L8E1A TRUE
8E18 L8E18 TRUE
8E5C L8E5C TRUE
48F2 L48F2 TRUE
8E75 L8E75 TRUE
8E70 L8E70 TRUE
48F0 L48F0 TRUE
8E73 L8E73 TRUE
4901 L4901 TRUE
4902 L4902 TRUE
4903 L4903 TRUE
4904 L4904 TRUE
8908 L8908 TRUE
891F L891F TRUE
8932 L8932 TRUE
894C L894C TRUE
02A4 L02A4 TRUE
8962 L8962 TRUE
89B0 L89B0 TRUE
493E L493E TRUE
8970 L8970 TRUE
88F2 L88F2 TRUE
B713 LB713 TRUE
B72A LB72A TRUE
B733 LB733 TRUE
0113 L0113 TRUE
9AB2 L9AB2 TRUE
9ABA L9ABA TRUE
9AD2 L9AD2 TRUE
9ADD L9ADD TRUE
9D13 L9D13 TRUE
9D53 L9D53 TRUE
9D95 L9D95 TRUE
9D9F L9D9F TRUE
9863 L9863 TRUE
0870 L0870 TRUE
986A L986A TRUE
A995 LA995 TRUE
A9A2 LA9A2 TRUE
A9A8 LA9A8 TRUE
0211 L0211 TRUE
4145 L4145 TRUE
AAF9 LAAF9 TRUE
AB47 LAB47 TRUE
AB24 LAB24 TRUE
0231 L0231 TRUE
AB17 LAB17 TRUE
4164 L4164 TRUE
4161 L4161 TRUE
493A L493A TRUE
8262 L8262 TRUE
8330 L8330 TRUE
450F L450F TRUE
8422 L8422 TRUE
847B L847B TRUE
848E L848E TRUE
84A0 L84A0 TRUE
859F L859F TRUE
8C34 L8C34 TRUE
8BDD L8BDD TRUE
490A L490A TRUE
8BE8 L8BE8 TRUE
0299 L0299 TRUE
490F L490F TRUE
8D0C L8D0C TRUE
028C L028C TRUE
8D15 L8D15 TRUE
48E4 L48E4 TRUE
8E34 L8E34 TRUE
48E5 L48E5 TRUE
48E6 L48E6 TRUE
8E41 L8E41 TRUE
48E7 L48E7 TRUE
48E8 L48E8 TRUE
48E9 L48E9 TRUE
8ED2 L8ED2 TRUE
8E99 L8E99 TRUE
8EA2 L8EA2 TRUE
8ECC L8ECC TRUE
48EF L48EF TRUE
8E7B L8E7B TRUE
89C5 L89C5 TRUE
4944 L4944 TRUE
89BD L89BD TRUE
89CC L89CC TRUE
897B L897B TRUE
897C L897C TRUE
4EE9 L4EE9 TRUE
9AE8 L9AE8 TRUE
4EEA L4EEA TRUE
9B10 L9B10 TRUE
9D1A L9D1A TRUE
9D20 L9D20 TRUE
9D26 L9D26 TRUE
4FBF L4FBF TRUE
9D3D L9D3D TRUE
9D4B L9D4B TRUE
9D5E L9D5E TRUE
9D72 L9D72 TRUE
9D9D L9D9D TRUE
9DDF L9DDF TRUE
9DB7 L9DB7 TRUE
9DC2 L9DC2 TRUE
9DC8 L9DC8 TRUE
9874 L9874 TRUE
9877 L9877 TRUE
9891 L9891 TRUE
988A L988A TRUE
450A L450A TRUE
A9C0 LA9C0 TRUE
450B L450B TRUE
A9BC LA9BC TRUE
A9C3 LA9C3 TRUE
AB60 LAB60 TRUE
AB59 LAB59 TRUE
AB63 LAB63 TRUE
46D5 L46D5 TRUE
46D6 L46D6 TRUE
46D7 L46D7 TRUE
46D8 L46D8 TRUE
82CA L82CA TRUE
8284 L8284 TRUE
82E0 L82E0 TRUE
8341 L8341 TRUE
8349 L8349 TRUE
83CA L83CA TRUE
84DE L84DE TRUE
84AD L84AD TRUE
84D3 L84D3 TRUE
85AE L85AE TRUE
029A L029A TRUE
4913 L4913 TRUE
8CA4 L8CA4 TRUE
8C5A L8C5A TRUE
490E L490E TRUE
4914 L4914 TRUE
490B L490B TRUE
8C7C L8C7C TRUE
8C88 L8C88 TRUE
491B L491B TRUE
8C9D L8C9D TRUE
8CA3 L8CA3 TRUE
4912 L4912 TRUE
8CC0 L8CC0 TRUE
4915 L4915 TRUE
4916 L4916 TRUE
491A L491A TRUE
8D1B L8D1B TRUE
490C L490C TRUE
8C09 L8C09 TRUE
8C31 L8C31 TRUE
8C17 L8C17 TRUE
8D36 L8D36 TRUE
8D49 L8D49 TRUE
0399 L0399 TRUE
0263 L0263 TRUE
8EFD L8EFD TRUE
48BE L48BE TRUE
48BF L48BF TRUE
8F00 L8F00 TRUE
026C L026C TRUE
8EC9 L8EC9 TRUE
8EBB L8EBB TRUE
48FF L48FF TRUE
48FD L48FD TRUE
89E9 L89E9 TRUE
4908 L4908 TRUE
8998 L8998 TRUE
4907 L4907 TRUE
89AD L89AD TRUE
8995 L8995 TRUE
9AFE L9AFE TRUE
9B3B L9B3B TRUE
9B2A L9B2A TRUE
9B41 L9B41 TRUE
9CE9 L9CE9 TRUE
4FC0 L4FC0 TRUE
9D47 L9D47 TRUE
4FC1 L4FC1 TRUE
9D56 L9D56 TRUE
9D67 L9D67 TRUE
9DBD L9DBD TRUE
5030 L5030 TRUE
9DC5 L9DC5 TRUE
5031 L5031 TRUE
9DD5 L9DD5 TRUE
9DD8 L9DD8 TRUE
9899 L9899 TRUE
509F L509F TRUE
98B5 L98B5 TRUE
509E L509E TRUE
98B8 L98B8 TRUE
98C6 L98C6 TRUE
AB91 LAB91 TRUE
45CE L45CE TRUE
AB72 LAB72 TRUE
45CF L45CF TRUE
ABA2 LABA2 TRUE
AB7B LAB7B TRUE
4E6D L4E6D TRUE
4935 L4935 TRUE
82DA L82DA TRUE
4937 L4937 TRUE
8325 L8325 TRUE
828F L828F TRUE
493B L493B TRUE
82B8 L82B8 TRUE
493C L493C TRUE
82AA L82AA TRUE
4933 L4933 TRUE
82E3 L82E3 TRUE
4934 L4934 TRUE
82C6 L82C6 TRUE
4930 L4930 TRUE
82E8 L82E8 TRUE
082B L082B TRUE
8357 L8357 TRUE
8362 L8362 TRUE
492C L492C TRUE
836B L836B TRUE
492D L492D TRUE
837B L837B TRUE
8390 L8390 TRUE
839D L839D TRUE
839F L839F TRUE
492F L492F TRUE
83B4 L83B4 TRUE
492E L492E TRUE
84E9 L84E9 TRUE
854C L854C TRUE
84F2 L84F2 TRUE
8507 L8507 TRUE
8518 L8518 TRUE
0281 L0281 TRUE
8535 L8535 TRUE
027F L027F TRUE
027D L027D TRUE
0280 L0280 TRUE
027C L027C TRUE
8559 L8559 TRUE
84B7 L84B7 TRUE
4922 L4922 TRUE
84DC L84DC TRUE
496A L496A TRUE
84D9 L84D9 TRUE
8555 L8555 TRUE
85C9 L85C9 TRUE
85D2 L85D2 TRUE
4963 L4963 TRUE
4965 L4965 TRUE
8C1E L8C1E TRUE
8CD6 L8CD6 TRUE
8F4B L8F4B TRUE
0297 L0297 TRUE
8F1E L8F1E TRUE
8F89 L8F89 TRUE
0296 L0296 TRUE
8F2C L8F2C TRUE
48E3 L48E3 TRUE
8F3D L8F3D TRUE
8F4E L8F4E TRUE
8F57 L8F57 TRUE
4900 L4900 TRUE
48FE L48FE TRUE
89A3 L89A3 TRUE
4906 L4906 TRUE
9B09 L9B09 TRUE
9B50 L9B50 TRUE
9B82 L9B82 TRUE
9B70 L9B70 TRUE
0873 L0873 TRUE
9D70 L9D70 TRUE
98BE L98BE TRUE
98C0 L98C0 TRUE
98D6 L98D6 TRUE
9913 L9913 TRUE
ABB2 LABB2 TRUE
414B L414B TRUE
ABD5 LABD5 TRUE
ABD2 LABD2 TRUE
AB87 LAB87 TRUE
AB89 LAB89 TRUE
0269 L0269 TRUE
82FB L82FB TRUE
4931 L4931 TRUE
82F6 L82F6 TRUE
4932 L4932 TRUE
831E L831E TRUE
4928 L4928 TRUE
8576 L8576 TRUE
492A L492A TRUE
8599 L8599 TRUE
858C L858C TRUE
4910 L4910 TRUE
8C3A L8C3A TRUE
4911 L4911 TRUE
8C36 L8C36 TRUE
491C L491C TRUE
8CF0 L8CF0 TRUE
8F82 L8F82 TRUE
8F70 L8F70 TRUE
48F1 L48F1 TRUE
8F6B L8F6B TRUE
8F7D L8F7D TRUE
504B L504B TRUE
504C L504C TRUE
9B7C L9B7C TRUE
9CBD L9CBD TRUE
9B8D L9B8D TRUE
9BA1 L9BA1 TRUE
98FD L98FD TRUE
50A2 L50A2 TRUE
98EE L98EE TRUE
98F2 L98F2 TRUE
50A0 L50A0 TRUE
ABC9 LABC9 TRUE
4149 L4149 TRUE
ABF9 LABF9 TRUE
ABE9 LABE9 TRUE
ABF4 LABF4 TRUE
039A L039A TRUE
8586 L8586 TRUE
8CFB L8CFB TRUE
8C39 L8C39 TRUE
8F7A L8F7A TRUE
9CDC L9CDC TRUE
9CCC L9CCC TRUE
9CD3 L9CD3 TRUE
9CD9 L9CD9 TRUE
9B96 L9B96 TRUE
9BB2 L9BB2 TRUE
9BBC L9BBC TRUE
990B L990B TRUE
4147 L4147 TRUE
0213 L0213 TRUE
AC0B LAC0B TRUE
AC1D LAC1D TRUE
AC1B LAC1B TRUE
AC24 LAC24 TRUE
180F L180F TRUE
0224 L0224 TRUE
AC3F LAC3F TRUE
AC5D LAC5D TRUE
3FE8 L3FE8 TRUE
3FE6 L3FE6 TRUE
ACEC LACEC TRUE
ACCB LACCB TRUE
ACD7 LACD7 TRUE
ACE0 LACE0 TRUE
ACD1 LACD1 TRUE
ACB9 LACB9 TRUE
4E67 L4E67 TRUE
ACC8 LACC8 TRUE
8D0B L8D0B TRUE
9CE7 L9CE7 TRUE
9B9F L9B9F TRUE
9C31 L9C31 TRUE
50B8 L50B8 TRUE
9BF9 L9BF9 TRUE
9BDC L9BDC TRUE
50BC L50BC TRUE
9BF6 L9BF6 TRUE
ACFC LACFC TRUE
AD5E LAD5E TRUE
3FEC L3FEC TRUE
3FE4 L3FE4 TRUE
4E68 L4E68 TRUE
ACCE LACCE TRUE
9C49 L9C49 TRUE
9C3E L9C3E TRUE
9C44 L9C44 TRUE
9C5F L9C5F TRUE
9C0A L9C0A TRUE
9C23 L9C23 TRUE
9C1E L9C1E TRUE
9C62 L9C62 TRUE
9C56 L9C56 TRUE
9C5C L9C5C TRUE
9C2E L9C2E TRUE
9C6D L9C6D TRUE
9C94 L9C94 TRUE
9C81 L9C81 TRUE
9C8F L9C8F TRUE
50BB L50BB TRUE
9CBC L9CBC TRUE
